<?xml version="1.0" encoding="ISO-8859-1" ?>
<link_info>
   <banner>TI ARM Clang Linker PC v3.2.2.LTS</banner>
   <copyright>Copyright (c) 1996-2018 Texas Instruments Incorporated</copyright>
   <link_time>0x6758fe0f</link_time>
   <link_errors>0x0</link_errors>
   <output_file>C:\Users\smufg\workspace_v12\gpiointerrupt_CC3220S_LAUNCHXL_nortos_ticlang\MCU+Image\gpiointerrupt_CC3220S_LAUNCHXL_nortos_ticlang.out</output_file>
   <entry_point>
      <name>resetISR</name>
      <address>0x20011521</address>
   </entry_point>
   <input_file_list>
      <input_file id="fl-1">
         <path>C:\Users\smufg\workspace_v12\gpiointerrupt_CC3220S_LAUNCHXL_nortos_ticlang\MCU+Image\.\</path>
         <kind>object</kind>
         <file>gpiointerrupt.o</file>
         <name>gpiointerrupt.o</name>
      </input_file>
      <input_file id="fl-2">
         <path>C:\Users\smufg\workspace_v12\gpiointerrupt_CC3220S_LAUNCHXL_nortos_ticlang\MCU+Image\.\syscfg\</path>
         <kind>object</kind>
         <file>ti_drivers_config.o</file>
         <name>ti_drivers_config.o</name>
      </input_file>
      <input_file id="fl-3">
         <path>C:\Users\smufg\workspace_v12\gpiointerrupt_CC3220S_LAUNCHXL_nortos_ticlang\MCU+Image\.\</path>
         <kind>object</kind>
         <file>main_nortos.o</file>
         <name>main_nortos.o</name>
      </input_file>
      <input_file id="fl-13">
         <path>C:\Users\smufg\workspace_v12\gpiointerrupt_CC3220S_LAUNCHXL_nortos_ticlang\MCU+Image\</path>
         <kind>object</kind>
         <file>&lt;internal&gt;</file>
         <name>&lt;internal&gt;</name>
      </input_file>
      <input_file id="fl-14">
         <path>C:\ti\simplelink_cc32xx_sdk_7_10_00_13\source\ti\drivers\lib\ticlang\m4\</path>
         <kind>archive</kind>
         <file>drivers_cc32xx.a</file>
         <name>GPIO.c.obj</name>
      </input_file>
      <input_file id="fl-15">
         <path>C:\ti\simplelink_cc32xx_sdk_7_10_00_13\source\ti\drivers\lib\ticlang\m4\</path>
         <kind>archive</kind>
         <file>drivers_cc32xx.a</file>
         <name>GPIOCC32XX.c.obj</name>
      </input_file>
      <input_file id="fl-16">
         <path>C:\ti\simplelink_cc32xx_sdk_7_10_00_13\source\ti\drivers\lib\ticlang\m4\</path>
         <kind>archive</kind>
         <file>drivers_cc32xx.a</file>
         <name>I2C.c.obj</name>
      </input_file>
      <input_file id="fl-17">
         <path>C:\ti\simplelink_cc32xx_sdk_7_10_00_13\source\ti\drivers\lib\ticlang\m4\</path>
         <kind>archive</kind>
         <file>drivers_cc32xx.a</file>
         <name>I2CCC32XX.c.obj</name>
      </input_file>
      <input_file id="fl-18">
         <path>C:\ti\simplelink_cc32xx_sdk_7_10_00_13\source\ti\drivers\lib\ticlang\m4\</path>
         <kind>archive</kind>
         <file>drivers_cc32xx.a</file>
         <name>PowerCC32XX.c.obj</name>
      </input_file>
      <input_file id="fl-19">
         <path>C:\ti\simplelink_cc32xx_sdk_7_10_00_13\source\ti\drivers\lib\ticlang\m4\</path>
         <kind>archive</kind>
         <file>drivers_cc32xx.a</file>
         <name>PowerCC32XX_ticlang.asm.obj</name>
      </input_file>
      <input_file id="fl-1a">
         <path>C:\ti\simplelink_cc32xx_sdk_7_10_00_13\source\ti\drivers\lib\ticlang\m4\</path>
         <kind>archive</kind>
         <file>drivers_cc32xx.a</file>
         <name>Timer.c.obj</name>
      </input_file>
      <input_file id="fl-1b">
         <path>C:\ti\simplelink_cc32xx_sdk_7_10_00_13\source\ti\drivers\lib\ticlang\m4\</path>
         <kind>archive</kind>
         <file>drivers_cc32xx.a</file>
         <name>TimerCC32XX.c.obj</name>
      </input_file>
      <input_file id="fl-1c">
         <path>C:\ti\simplelink_cc32xx_sdk_7_10_00_13\source\ti\drivers\lib\ticlang\m4\</path>
         <kind>archive</kind>
         <file>drivers_cc32xx.a</file>
         <name>UART2.c.obj</name>
      </input_file>
      <input_file id="fl-1d">
         <path>C:\ti\simplelink_cc32xx_sdk_7_10_00_13\source\ti\drivers\lib\ticlang\m4\</path>
         <kind>archive</kind>
         <file>drivers_cc32xx.a</file>
         <name>UART2CC32XX.c.obj</name>
      </input_file>
      <input_file id="fl-1e">
         <path>C:\ti\simplelink_cc32xx_sdk_7_10_00_13\source\ti\drivers\lib\ticlang\m4\</path>
         <kind>archive</kind>
         <file>drivers_cc32xx.a</file>
         <name>List.c.obj</name>
      </input_file>
      <input_file id="fl-1f">
         <path>C:\ti\simplelink_cc32xx_sdk_7_10_00_13\source\ti\drivers\lib\ticlang\m4\</path>
         <kind>archive</kind>
         <file>drivers_cc32xx.a</file>
         <name>RingBuf.c.obj</name>
      </input_file>
      <input_file id="fl-20">
         <path>C:\ti\simplelink_cc32xx_sdk_7_10_00_13\source\ti\drivers\lib\ticlang\m4\</path>
         <kind>archive</kind>
         <file>drivers_cc32xx.a</file>
         <name>UDMACC32XX.c.obj</name>
      </input_file>
      <input_file id="fl-21">
         <path>C:\ti\simplelink_cc32xx_sdk_7_10_00_13\kernel\nortos\lib\ticlang\m4\</path>
         <kind>archive</kind>
         <file>nortos_cc32xx.a</file>
         <name>NoRTOS.c.obj</name>
      </input_file>
      <input_file id="fl-22">
         <path>C:\ti\simplelink_cc32xx_sdk_7_10_00_13\kernel\nortos\lib\ticlang\m4\</path>
         <kind>archive</kind>
         <file>nortos_cc32xx.a</file>
         <name>SemaphoreP_nortos.c.obj</name>
      </input_file>
      <input_file id="fl-23">
         <path>C:\ti\simplelink_cc32xx_sdk_7_10_00_13\kernel\nortos\lib\ticlang\m4\</path>
         <kind>archive</kind>
         <file>nortos_cc32xx.a</file>
         <name>ClockPSysTick_nortos.c.obj</name>
      </input_file>
      <input_file id="fl-24">
         <path>C:\ti\simplelink_cc32xx_sdk_7_10_00_13\kernel\nortos\lib\ticlang\m4\</path>
         <kind>archive</kind>
         <file>nortos_cc32xx.a</file>
         <name>HwiPCC32XX_nortos.c.obj</name>
      </input_file>
      <input_file id="fl-25">
         <path>C:\ti\simplelink_cc32xx_sdk_7_10_00_13\kernel\nortos\lib\ticlang\m4\</path>
         <kind>archive</kind>
         <file>nortos_cc32xx.a</file>
         <name>PowerCC32XX_nortos.c.obj</name>
      </input_file>
      <input_file id="fl-26">
         <path>C:\ti\simplelink_cc32xx_sdk_7_10_00_13\kernel\nortos\lib\ticlang\m4\</path>
         <kind>archive</kind>
         <file>nortos_cc32xx.a</file>
         <name>startup_cc32xx_ticlang.c.obj</name>
      </input_file>
      <input_file id="fl-27">
         <path>C:\ti\simplelink_cc32xx_sdk_7_10_00_13\kernel\nortos\lib\ticlang\m4\</path>
         <kind>archive</kind>
         <file>nortos_cc32xx.a</file>
         <name>SwiP_nortos.c.obj</name>
      </input_file>
      <input_file id="fl-28">
         <path>C:\ti\simplelink_cc32xx_sdk_7_10_00_13\source\ti\devices\cc32xx\driverlib\ticlang\Release\</path>
         <kind>archive</kind>
         <file>driverlib.a</file>
         <name>cpu.obj</name>
      </input_file>
      <input_file id="fl-29">
         <path>C:\ti\simplelink_cc32xx_sdk_7_10_00_13\source\ti\devices\cc32xx\driverlib\ticlang\Release\</path>
         <kind>archive</kind>
         <file>driverlib.a</file>
         <name>gpio.obj</name>
      </input_file>
      <input_file id="fl-2a">
         <path>C:\ti\simplelink_cc32xx_sdk_7_10_00_13\source\ti\devices\cc32xx\driverlib\ticlang\Release\</path>
         <kind>archive</kind>
         <file>driverlib.a</file>
         <name>hwspinlock.obj</name>
      </input_file>
      <input_file id="fl-2b">
         <path>C:\ti\simplelink_cc32xx_sdk_7_10_00_13\source\ti\devices\cc32xx\driverlib\ticlang\Release\</path>
         <kind>archive</kind>
         <file>driverlib.a</file>
         <name>i2c.obj</name>
      </input_file>
      <input_file id="fl-2c">
         <path>C:\ti\simplelink_cc32xx_sdk_7_10_00_13\source\ti\devices\cc32xx\driverlib\ticlang\Release\</path>
         <kind>archive</kind>
         <file>driverlib.a</file>
         <name>interrupt.obj</name>
      </input_file>
      <input_file id="fl-2d">
         <path>C:\ti\simplelink_cc32xx_sdk_7_10_00_13\source\ti\devices\cc32xx\driverlib\ticlang\Release\</path>
         <kind>archive</kind>
         <file>driverlib.a</file>
         <name>pin.obj</name>
      </input_file>
      <input_file id="fl-2e">
         <path>C:\ti\simplelink_cc32xx_sdk_7_10_00_13\source\ti\devices\cc32xx\driverlib\ticlang\Release\</path>
         <kind>archive</kind>
         <file>driverlib.a</file>
         <name>prcm.obj</name>
      </input_file>
      <input_file id="fl-2f">
         <path>C:\ti\simplelink_cc32xx_sdk_7_10_00_13\source\ti\devices\cc32xx\driverlib\ticlang\Release\</path>
         <kind>archive</kind>
         <file>driverlib.a</file>
         <name>spi.obj</name>
      </input_file>
      <input_file id="fl-30">
         <path>C:\ti\simplelink_cc32xx_sdk_7_10_00_13\source\ti\devices\cc32xx\driverlib\ticlang\Release\</path>
         <kind>archive</kind>
         <file>driverlib.a</file>
         <name>systick.obj</name>
      </input_file>
      <input_file id="fl-31">
         <path>C:\ti\simplelink_cc32xx_sdk_7_10_00_13\source\ti\devices\cc32xx\driverlib\ticlang\Release\</path>
         <kind>archive</kind>
         <file>driverlib.a</file>
         <name>timer.obj</name>
      </input_file>
      <input_file id="fl-32">
         <path>C:\ti\simplelink_cc32xx_sdk_7_10_00_13\source\ti\devices\cc32xx\driverlib\ticlang\Release\</path>
         <kind>archive</kind>
         <file>driverlib.a</file>
         <name>uart.obj</name>
      </input_file>
      <input_file id="fl-33">
         <path>C:\ti\simplelink_cc32xx_sdk_7_10_00_13\source\ti\devices\cc32xx\driverlib\ticlang\Release\</path>
         <kind>archive</kind>
         <file>driverlib.a</file>
         <name>udma.obj</name>
      </input_file>
      <input_file id="fl-34">
         <path>C:\ti\simplelink_cc32xx_sdk_7_10_00_13\source\ti\devices\cc32xx\driverlib\ticlang\Release\</path>
         <kind>archive</kind>
         <file>driverlib.a</file>
         <name>utils.obj</name>
      </input_file>
      <input_file id="fl-35">
         <path>C:\ti\simplelink_cc32xx_sdk_7_10_00_13\source\ti\devices\cc32xx\driverlib\ticlang\Release\</path>
         <kind>archive</kind>
         <file>driverlib.a</file>
         <name>flash.obj</name>
      </input_file>
      <input_file id="fl-44">
         <path>C:\ti\ccs1281\ccs\tools\compiler\ti-cgt-armllvm_3.2.2.LTS\lib\armv7em-ti-none-eabi\c\</path>
         <kind>archive</kind>
         <file>libc.a</file>
         <name>snprintf.c.obj</name>
      </input_file>
      <input_file id="fl-45">
         <path>C:\ti\ccs1281\ccs\tools\compiler\ti-cgt-armllvm_3.2.2.LTS\lib\armv7em-ti-none-eabi\c\</path>
         <kind>archive</kind>
         <file>libc.a</file>
         <name>memory.c.obj</name>
      </input_file>
      <input_file id="fl-46">
         <path>C:\ti\ccs1281\ccs\tools\compiler\ti-cgt-armllvm_3.2.2.LTS\lib\armv7em-ti-none-eabi\c\</path>
         <kind>archive</kind>
         <file>libc.a</file>
         <name>boot_cortex_m.c.obj</name>
      </input_file>
      <input_file id="fl-47">
         <path>C:\ti\ccs1281\ccs\tools\compiler\ti-cgt-armllvm_3.2.2.LTS\lib\armv7em-ti-none-eabi\c\</path>
         <kind>archive</kind>
         <file>libc.a</file>
         <name>mathacl_init.c.obj</name>
      </input_file>
      <input_file id="fl-48">
         <path>C:\ti\ccs1281\ccs\tools\compiler\ti-cgt-armllvm_3.2.2.LTS\lib\armv7em-ti-none-eabi\c\</path>
         <kind>archive</kind>
         <file>libc.a</file>
         <name>autoinit.c.obj</name>
      </input_file>
      <input_file id="fl-49">
         <path>C:\ti\ccs1281\ccs\tools\compiler\ti-cgt-armllvm_3.2.2.LTS\lib\armv7em-ti-none-eabi\c\</path>
         <kind>archive</kind>
         <file>libc.a</file>
         <name>pre_init.c.obj</name>
      </input_file>
      <input_file id="fl-4a">
         <path>C:\ti\ccs1281\ccs\tools\compiler\ti-cgt-armllvm_3.2.2.LTS\lib\armv7em-ti-none-eabi\c\</path>
         <kind>archive</kind>
         <file>libc.a</file>
         <name>cpy_tbl.c.obj</name>
      </input_file>
      <input_file id="fl-4b">
         <path>C:\ti\ccs1281\ccs\tools\compiler\ti-cgt-armllvm_3.2.2.LTS\lib\armv7em-ti-none-eabi\c\</path>
         <kind>archive</kind>
         <file>libc.a</file>
         <name>copy_zero_init.c.obj</name>
      </input_file>
      <input_file id="fl-4c">
         <path>C:\ti\ccs1281\ccs\tools\compiler\ti-cgt-armllvm_3.2.2.LTS\lib\armv7em-ti-none-eabi\c\</path>
         <kind>archive</kind>
         <file>libc.a</file>
         <name>copy_decompress_none.c.obj</name>
      </input_file>
      <input_file id="fl-4d">
         <path>C:\ti\ccs1281\ccs\tools\compiler\ti-cgt-armllvm_3.2.2.LTS\lib\armv7em-ti-none-eabi\c\</path>
         <kind>archive</kind>
         <file>libc.a</file>
         <name>copy_decompress_lzss.c.obj</name>
      </input_file>
      <input_file id="fl-4e">
         <path>C:\ti\ccs1281\ccs\tools\compiler\ti-cgt-armllvm_3.2.2.LTS\lib\armv7em-ti-none-eabi\c\</path>
         <kind>archive</kind>
         <file>libc.a</file>
         <name>_printfi.c.obj</name>
      </input_file>
      <input_file id="fl-4f">
         <path>C:\ti\ccs1281\ccs\tools\compiler\ti-cgt-armllvm_3.2.2.LTS\lib\armv7em-ti-none-eabi\c\</path>
         <kind>archive</kind>
         <file>libc.a</file>
         <name>s_frexp.c.obj</name>
      </input_file>
      <input_file id="fl-50">
         <path>C:\ti\ccs1281\ccs\tools\compiler\ti-cgt-armllvm_3.2.2.LTS\lib\armv7em-ti-none-eabi\c\</path>
         <kind>archive</kind>
         <file>libc.a</file>
         <name>s_scalbn.c.obj</name>
      </input_file>
      <input_file id="fl-51">
         <path>C:\ti\ccs1281\ccs\tools\compiler\ti-cgt-armllvm_3.2.2.LTS\lib\armv7em-ti-none-eabi\c\</path>
         <kind>archive</kind>
         <file>libc.a</file>
         <name>aeabi_portable.c.obj</name>
      </input_file>
      <input_file id="fl-52">
         <path>C:\ti\ccs1281\ccs\tools\compiler\ti-cgt-armllvm_3.2.2.LTS\lib\armv7em-ti-none-eabi\c\</path>
         <kind>archive</kind>
         <file>libc.a</file>
         <name>exit.c.obj</name>
      </input_file>
      <input_file id="fl-53">
         <path>C:\ti\ccs1281\ccs\tools\compiler\ti-cgt-armllvm_3.2.2.LTS\lib\armv7em-ti-none-eabi\c\</path>
         <kind>archive</kind>
         <file>libc.a</file>
         <name>_lock.c.obj</name>
      </input_file>
      <input_file id="fl-54">
         <path>C:\ti\ccs1281\ccs\tools\compiler\ti-cgt-armllvm_3.2.2.LTS\lib\armv7em-ti-none-eabi\c\</path>
         <kind>archive</kind>
         <file>libc.a</file>
         <name>_ltoa.c.obj</name>
      </input_file>
      <input_file id="fl-55">
         <path>C:\ti\ccs1281\ccs\tools\compiler\ti-cgt-armllvm_3.2.2.LTS\lib\armv7em-ti-none-eabi\c\</path>
         <kind>archive</kind>
         <file>libc.a</file>
         <name>args_main.c.obj</name>
      </input_file>
      <input_file id="fl-56">
         <path>C:\ti\ccs1281\ccs\tools\compiler\ti-cgt-armllvm_3.2.2.LTS\lib\armv7em-ti-none-eabi\c\</path>
         <kind>archive</kind>
         <file>libc.a</file>
         <name>assert.c.obj</name>
      </input_file>
      <input_file id="fl-57">
         <path>C:\ti\ccs1281\ccs\tools\compiler\ti-cgt-armllvm_3.2.2.LTS\lib\armv7em-ti-none-eabi\c\</path>
         <kind>archive</kind>
         <file>libc.a</file>
         <name>atoi.c.obj</name>
      </input_file>
      <input_file id="fl-58">
         <path>C:\ti\ccs1281\ccs\tools\compiler\ti-cgt-armllvm_3.2.2.LTS\lib\armv7em-ti-none-eabi\c\</path>
         <kind>archive</kind>
         <file>libc.a</file>
         <name>defs.c.obj</name>
      </input_file>
      <input_file id="fl-59">
         <path>C:\ti\ccs1281\ccs\tools\compiler\ti-cgt-armllvm_3.2.2.LTS\lib\armv7em-ti-none-eabi\c\</path>
         <kind>archive</kind>
         <file>libc.a</file>
         <name>memccpy.c.obj</name>
      </input_file>
      <input_file id="fl-5a">
         <path>C:\ti\ccs1281\ccs\tools\compiler\ti-cgt-armllvm_3.2.2.LTS\lib\armv7em-ti-none-eabi\c\</path>
         <kind>archive</kind>
         <file>libc.a</file>
         <name>wcslen.c.obj</name>
      </input_file>
      <input_file id="fl-5b">
         <path>C:\ti\ccs1281\ccs\tools\compiler\ti-cgt-armllvm_3.2.2.LTS\lib\armv7em-ti-none-eabi\c\</path>
         <kind>archive</kind>
         <file>libc.a</file>
         <name>sprintf.c.obj</name>
      </input_file>
      <input_file id="fl-5c">
         <path>C:\ti\ccs1281\ccs\tools\compiler\ti-cgt-armllvm_3.2.2.LTS\lib\armv7em-ti-none-eabi\c\</path>
         <kind>archive</kind>
         <file>libc.a</file>
         <name>fflush.c.obj</name>
      </input_file>
      <input_file id="fl-5d">
         <path>C:\ti\ccs1281\ccs\tools\compiler\ti-cgt-armllvm_3.2.2.LTS\lib\armv7em-ti-none-eabi\c\</path>
         <kind>archive</kind>
         <file>libc.a</file>
         <name>fputs.c.obj</name>
      </input_file>
      <input_file id="fl-5e">
         <path>C:\ti\ccs1281\ccs\tools\compiler\ti-cgt-armllvm_3.2.2.LTS\lib\armv7em-ti-none-eabi\c\</path>
         <kind>archive</kind>
         <file>libc.a</file>
         <name>_io_perm.c.obj</name>
      </input_file>
      <input_file id="fl-5f">
         <path>C:\ti\ccs1281\ccs\tools\compiler\ti-cgt-armllvm_3.2.2.LTS\lib\armv7em-ti-none-eabi\c\</path>
         <kind>archive</kind>
         <file>libc.a</file>
         <name>setvbuf.c.obj</name>
      </input_file>
      <input_file id="fl-60">
         <path>C:\ti\ccs1281\ccs\tools\compiler\ti-cgt-armllvm_3.2.2.LTS\lib\armv7em-ti-none-eabi\c\</path>
         <kind>archive</kind>
         <file>libc.a</file>
         <name>aeabi_ctype.S.obj</name>
      </input_file>
      <input_file id="fl-61">
         <path>C:\ti\ccs1281\ccs\tools\compiler\ti-cgt-armllvm_3.2.2.LTS\lib\armv7em-ti-none-eabi\c\</path>
         <kind>archive</kind>
         <file>libc.a</file>
         <name>fopen.c.obj</name>
      </input_file>
      <input_file id="fl-62">
         <path>C:\ti\ccs1281\ccs\tools\compiler\ti-cgt-armllvm_3.2.2.LTS\lib\armv7em-ti-none-eabi\c\</path>
         <kind>archive</kind>
         <file>libc.a</file>
         <name>fseek.c.obj</name>
      </input_file>
      <input_file id="fl-63">
         <path>C:\ti\ccs1281\ccs\tools\compiler\ti-cgt-armllvm_3.2.2.LTS\lib\armv7em-ti-none-eabi\c\</path>
         <kind>archive</kind>
         <file>libc.a</file>
         <name>fclose.c.obj</name>
      </input_file>
      <input_file id="fl-c9">
         <path>C:\ti\ccs1281\ccs\tools\compiler\ti-cgt-armllvm_3.2.2.LTS\lib\armv7em-ti-none-eabi\c\</path>
         <kind>archive</kind>
         <file>libsysbm.a</file>
         <name>write.c.obj</name>
      </input_file>
      <input_file id="fl-ca">
         <path>C:\ti\ccs1281\ccs\tools\compiler\ti-cgt-armllvm_3.2.2.LTS\lib\armv7em-ti-none-eabi\c\</path>
         <kind>archive</kind>
         <file>libsysbm.a</file>
         <name>host_device.c.obj</name>
      </input_file>
      <input_file id="fl-cb">
         <path>C:\ti\ccs1281\ccs\tools\compiler\ti-cgt-armllvm_3.2.2.LTS\lib\armv7em-ti-none-eabi\c\</path>
         <kind>archive</kind>
         <file>libsysbm.a</file>
         <name>remove.c.obj</name>
      </input_file>
      <input_file id="fl-cc">
         <path>C:\ti\ccs1281\ccs\tools\compiler\ti-cgt-armllvm_3.2.2.LTS\lib\armv7em-ti-none-eabi\c\</path>
         <kind>archive</kind>
         <file>libsysbm.a</file>
         <name>open.c.obj</name>
      </input_file>
      <input_file id="fl-cd">
         <path>C:\ti\ccs1281\ccs\tools\compiler\ti-cgt-armllvm_3.2.2.LTS\lib\armv7em-ti-none-eabi\c\</path>
         <kind>archive</kind>
         <file>libsysbm.a</file>
         <name>lseek.c.obj</name>
      </input_file>
      <input_file id="fl-ce">
         <path>C:\ti\ccs1281\ccs\tools\compiler\ti-cgt-armllvm_3.2.2.LTS\lib\armv7em-ti-none-eabi\c\</path>
         <kind>archive</kind>
         <file>libsysbm.a</file>
         <name>close.c.obj</name>
      </input_file>
      <input_file id="fl-cf">
         <path>C:\ti\ccs1281\ccs\tools\compiler\ti-cgt-armllvm_3.2.2.LTS\lib\armv7em-ti-none-eabi\c\</path>
         <kind>archive</kind>
         <file>libsysbm.a</file>
         <name>unlink.c.obj</name>
      </input_file>
      <input_file id="fl-d0">
         <path>C:\ti\ccs1281\ccs\tools\compiler\ti-cgt-armllvm_3.2.2.LTS\lib\armv7em-ti-none-eabi\c\</path>
         <kind>archive</kind>
         <file>libsysbm.a</file>
         <name>hostclose.c.obj</name>
      </input_file>
      <input_file id="fl-d1">
         <path>C:\ti\ccs1281\ccs\tools\compiler\ti-cgt-armllvm_3.2.2.LTS\lib\armv7em-ti-none-eabi\c\</path>
         <kind>archive</kind>
         <file>libsysbm.a</file>
         <name>hostlseek.c.obj</name>
      </input_file>
      <input_file id="fl-d2">
         <path>C:\ti\ccs1281\ccs\tools\compiler\ti-cgt-armllvm_3.2.2.LTS\lib\armv7em-ti-none-eabi\c\</path>
         <kind>archive</kind>
         <file>libsysbm.a</file>
         <name>hostopen.c.obj</name>
      </input_file>
      <input_file id="fl-d3">
         <path>C:\ti\ccs1281\ccs\tools\compiler\ti-cgt-armllvm_3.2.2.LTS\lib\armv7em-ti-none-eabi\c\</path>
         <kind>archive</kind>
         <file>libsysbm.a</file>
         <name>hostread.c.obj</name>
      </input_file>
      <input_file id="fl-d4">
         <path>C:\ti\ccs1281\ccs\tools\compiler\ti-cgt-armllvm_3.2.2.LTS\lib\armv7em-ti-none-eabi\c\</path>
         <kind>archive</kind>
         <file>libsysbm.a</file>
         <name>hostrename.c.obj</name>
      </input_file>
      <input_file id="fl-d5">
         <path>C:\ti\ccs1281\ccs\tools\compiler\ti-cgt-armllvm_3.2.2.LTS\lib\armv7em-ti-none-eabi\c\</path>
         <kind>archive</kind>
         <file>libsysbm.a</file>
         <name>hostunlink.c.obj</name>
      </input_file>
      <input_file id="fl-d6">
         <path>C:\ti\ccs1281\ccs\tools\compiler\ti-cgt-armllvm_3.2.2.LTS\lib\armv7em-ti-none-eabi\c\</path>
         <kind>archive</kind>
         <file>libsysbm.a</file>
         <name>hostwrite.c.obj</name>
      </input_file>
      <input_file id="fl-d7">
         <path>C:\ti\ccs1281\ccs\tools\compiler\ti-cgt-armllvm_3.2.2.LTS\lib\armv7em-ti-none-eabi\c\</path>
         <kind>archive</kind>
         <file>libsysbm.a</file>
         <name>trgmsg.c.obj</name>
      </input_file>
      <input_file id="fl-d8">
         <path>C:\ti\ccs1281\ccs\tools\compiler\ti-cgt-armllvm_3.2.2.LTS\lib\clang\15.0.7\lib\armv7em-ti-none-eabi\</path>
         <kind>archive</kind>
         <file>libclang_rt.builtins.a</file>
         <name>adddf3.S.obj</name>
      </input_file>
      <input_file id="fl-d9">
         <path>C:\ti\ccs1281\ccs\tools\compiler\ti-cgt-armllvm_3.2.2.LTS\lib\clang\15.0.7\lib\armv7em-ti-none-eabi\</path>
         <kind>archive</kind>
         <file>libclang_rt.builtins.a</file>
         <name>muldf3.S.obj</name>
      </input_file>
      <input_file id="fl-da">
         <path>C:\ti\ccs1281\ccs\tools\compiler\ti-cgt-armllvm_3.2.2.LTS\lib\clang\15.0.7\lib\armv7em-ti-none-eabi\</path>
         <kind>archive</kind>
         <file>libclang_rt.builtins.a</file>
         <name>divdf3.S.obj</name>
      </input_file>
      <input_file id="fl-db">
         <path>C:\ti\ccs1281\ccs\tools\compiler\ti-cgt-armllvm_3.2.2.LTS\lib\clang\15.0.7\lib\armv7em-ti-none-eabi\</path>
         <kind>archive</kind>
         <file>libclang_rt.builtins.a</file>
         <name>fixdfsi.S.obj</name>
      </input_file>
      <input_file id="fl-dc">
         <path>C:\ti\ccs1281\ccs\tools\compiler\ti-cgt-armllvm_3.2.2.LTS\lib\clang\15.0.7\lib\armv7em-ti-none-eabi\</path>
         <kind>archive</kind>
         <file>libclang_rt.builtins.a</file>
         <name>floatsidf.S.obj</name>
      </input_file>
      <input_file id="fl-dd">
         <path>C:\ti\ccs1281\ccs\tools\compiler\ti-cgt-armllvm_3.2.2.LTS\lib\clang\15.0.7\lib\armv7em-ti-none-eabi\</path>
         <kind>archive</kind>
         <file>libclang_rt.builtins.a</file>
         <name>aeabi_dcmp.S.obj</name>
      </input_file>
      <input_file id="fl-de">
         <path>C:\ti\ccs1281\ccs\tools\compiler\ti-cgt-armllvm_3.2.2.LTS\lib\clang\15.0.7\lib\armv7em-ti-none-eabi\</path>
         <kind>archive</kind>
         <file>libclang_rt.builtins.a</file>
         <name>aeabi_memcpy.S.obj</name>
      </input_file>
      <input_file id="fl-df">
         <path>C:\ti\ccs1281\ccs\tools\compiler\ti-cgt-armllvm_3.2.2.LTS\lib\clang\15.0.7\lib\armv7em-ti-none-eabi\</path>
         <kind>archive</kind>
         <file>libclang_rt.builtins.a</file>
         <name>aeabi_memset.S.obj</name>
      </input_file>
      <input_file id="fl-e0">
         <path>C:\ti\ccs1281\ccs\tools\compiler\ti-cgt-armllvm_3.2.2.LTS\lib\clang\15.0.7\lib\armv7em-ti-none-eabi\</path>
         <kind>archive</kind>
         <file>libclang_rt.builtins.a</file>
         <name>aeabi_uldivmod.S.obj</name>
      </input_file>
      <input_file id="fl-e1">
         <path>C:\ti\ccs1281\ccs\tools\compiler\ti-cgt-armllvm_3.2.2.LTS\lib\clang\15.0.7\lib\armv7em-ti-none-eabi\</path>
         <kind>archive</kind>
         <file>libclang_rt.builtins.a</file>
         <name>udivmoddi4.S.obj</name>
      </input_file>
      <input_file id="fl-e2">
         <path>C:\ti\ccs1281\ccs\tools\compiler\ti-cgt-armllvm_3.2.2.LTS\lib\clang\15.0.7\lib\armv7em-ti-none-eabi\</path>
         <kind>archive</kind>
         <file>libclang_rt.builtins.a</file>
         <name>comparedf2.c.obj</name>
      </input_file>
      <input_file id="fl-e3">
         <path>C:\ti\ccs1281\ccs\tools\compiler\ti-cgt-armllvm_3.2.2.LTS\lib\clang\15.0.7\lib\armv7em-ti-none-eabi\</path>
         <kind>archive</kind>
         <file>libclang_rt.builtins.a</file>
         <name>aeabi_div0.c.obj</name>
      </input_file>
      <input_file id="fl-e4">
         <path>C:\ti\ccs1281\ccs\tools\compiler\ti-cgt-armllvm_3.2.2.LTS\lib\armv7em-ti-none-eabi\c\</path>
         <kind>archive</kind>
         <file>libc.a</file>
         <name>getdevice.c.obj</name>
      </input_file>
      <input_file id="fl-e5">
         <path>C:\ti\ccs1281\ccs\tools\compiler\ti-cgt-armllvm_3.2.2.LTS\lib\armv7em-ti-none-eabi\c\</path>
         <kind>archive</kind>
         <file>libc.a</file>
         <name>strcmp_t2.S.obj</name>
      </input_file>
      <input_file id="fl-e6">
         <path>C:\ti\ccs1281\ccs\tools\compiler\ti-cgt-armllvm_3.2.2.LTS\lib\armv7em-ti-none-eabi\c\</path>
         <kind>archive</kind>
         <file>libc.a</file>
         <name>memcpy_t2.S.obj</name>
      </input_file>
      <input_file id="fl-e7">
         <path>C:\ti\ccs1281\ccs\tools\compiler\ti-cgt-armllvm_3.2.2.LTS\lib\armv7em-ti-none-eabi\c\</path>
         <kind>archive</kind>
         <file>libc.a</file>
         <name>memset_t2.S.obj</name>
      </input_file>
   </input_file_list>
   <object_component_list>
      <object_component id="oc-29e">
         <name>.text:__TI_printfi_nofloat</name>
         <load_address>0x2000c040</load_address>
         <readonly>true</readonly>
         <executable>true</executable>
         <run_address>0x2000c040</run_address>
         <size>0x86c</size>
         <alignment>0x4</alignment>
         <input_file_ref idref="fl-4e"/>
      </object_component>
      <object_component id="oc-d2">
         <name>.text.PRCMCC3200MCUInit</name>
         <load_address>0x2000c8ac</load_address>
         <readonly>true</readonly>
         <executable>true</executable>
         <run_address>0x2000c8ac</run_address>
         <size>0x4b8</size>
         <alignment>0x2</alignment>
         <input_file_ref idref="fl-2e"/>
      </object_component>
      <object_component id="oc-238">
         <name>.text.Power_sleep</name>
         <load_address>0x2000cd64</load_address>
         <readonly>true</readonly>
         <executable>true</executable>
         <run_address>0x2000cd64</run_address>
         <size>0x3e4</size>
         <alignment>0x4</alignment>
         <input_file_ref idref="fl-18"/>
      </object_component>
      <object_component id="oc-1e9">
         <name>.text.UART2CC32XX_hwiIntFxn</name>
         <load_address>0x2000d148</load_address>
         <readonly>true</readonly>
         <executable>true</executable>
         <run_address>0x2000d148</run_address>
         <size>0x222</size>
         <alignment>0x2</alignment>
         <input_file_ref idref="fl-1d"/>
      </object_component>
      <object_component id="oc-e2">
         <name>.text.Board_initHook</name>
         <load_address>0x2000d36a</load_address>
         <readonly>true</readonly>
         <executable>true</executable>
         <run_address>0x2000d36a</run_address>
         <size>0x2</size>
         <alignment>0x2</alignment>
         <input_file_ref idref="fl-2"/>
      </object_component>
      <object_component id="oc-14f">
         <name>.text.UART2_open</name>
         <load_address>0x2000d36c</load_address>
         <readonly>true</readonly>
         <executable>true</executable>
         <run_address>0x2000d36c</run_address>
         <size>0x1cc</size>
         <alignment>0x4</alignment>
         <input_file_ref idref="fl-1d"/>
      </object_component>
      <object_component id="oc-f4">
         <name>.text.initI2C</name>
         <load_address>0x2000d538</load_address>
         <readonly>true</readonly>
         <executable>true</executable>
         <run_address>0x2000d538</run_address>
         <size>0x178</size>
         <alignment>0x4</alignment>
         <input_file_ref idref="fl-1"/>
      </object_component>
      <object_component id="oc-220">
         <name>.text.UART2_writeTimeoutBlocking</name>
         <load_address>0x2000d6b0</load_address>
         <readonly>true</readonly>
         <executable>true</executable>
         <run_address>0x2000d6b0</run_address>
         <size>0x174</size>
         <alignment>0x2</alignment>
         <input_file_ref idref="fl-1c"/>
      </object_component>
      <object_component id="oc-1b0">
         <name>.text.PowerCC32XX_sleepPolicy</name>
         <load_address>0x2000d824</load_address>
         <readonly>true</readonly>
         <executable>true</executable>
         <run_address>0x2000d824</run_address>
         <size>0x150</size>
         <alignment>0x4</alignment>
         <input_file_ref idref="fl-25"/>
      </object_component>
      <object_component id="oc-17c">
         <name>.text.Timer_open</name>
         <load_address>0x2000d974</load_address>
         <readonly>true</readonly>
         <executable>true</executable>
         <run_address>0x2000d974</run_address>
         <size>0x148</size>
         <alignment>0x4</alignment>
         <input_file_ref idref="fl-1b"/>
      </object_component>
      <object_component id="oc-f8">
         <name>.text.GPIO_setConfig</name>
         <load_address>0x2000dabc</load_address>
         <readonly>true</readonly>
         <executable>true</executable>
         <run_address>0x2000dabc</run_address>
         <size>0x140</size>
         <alignment>0x4</alignment>
         <input_file_ref idref="fl-15"/>
      </object_component>
      <object_component id="oc-1f9">
         <name>.text.I2CCC32XX_hwiFxn</name>
         <load_address>0x2000dbfc</load_address>
         <readonly>true</readonly>
         <executable>true</executable>
         <run_address>0x2000dbfc</run_address>
         <size>0x138</size>
         <alignment>0x2</alignment>
         <input_file_ref idref="fl-17"/>
      </object_component>
      <object_component id="oc-202">
         <name>.text.I2C_transferTimeout</name>
         <load_address>0x2000dd34</load_address>
         <readonly>true</readonly>
         <executable>true</executable>
         <run_address>0x2000dd34</run_address>
         <size>0x126</size>
         <alignment>0x2</alignment>
         <input_file_ref idref="fl-16"/>
      </object_component>
      <object_component id="oc-155">
         <name>.text.I2C_init</name>
         <load_address>0x2000de5a</load_address>
         <readonly>true</readonly>
         <executable>true</executable>
         <run_address>0x2000de5a</run_address>
         <size>0x2</size>
         <alignment>0x2</alignment>
         <input_file_ref idref="fl-16"/>
      </object_component>
      <object_component id="oc-2c7">
         <name>.text.aligned_alloc</name>
         <load_address>0x2000de5c</load_address>
         <readonly>true</readonly>
         <executable>true</executable>
         <run_address>0x2000de5c</run_address>
         <size>0x120</size>
         <alignment>0x4</alignment>
         <input_file_ref idref="fl-45"/>
      </object_component>
      <object_component id="oc-21f">
         <name>.text.UART2_writeTimeoutNonblocking</name>
         <load_address>0x2000df7c</load_address>
         <readonly>true</readonly>
         <executable>true</executable>
         <run_address>0x2000df7c</run_address>
         <size>0x11a</size>
         <alignment>0x2</alignment>
         <input_file_ref idref="fl-1c"/>
      </object_component>
      <object_component id="oc-305">
         <name>.text.uDMAChannelTransferSet</name>
         <load_address>0x2000e096</load_address>
         <readonly>true</readonly>
         <executable>true</executable>
         <run_address>0x2000e096</run_address>
         <size>0x112</size>
         <alignment>0x2</alignment>
         <input_file_ref idref="fl-33"/>
      </object_component>
      <object_component id="oc-2bd">
         <name>.text.__muldf3</name>
         <load_address>0x2000e1a8</load_address>
         <readonly>true</readonly>
         <executable>true</executable>
         <run_address>0x2000e1a8</run_address>
         <size>0xfc</size>
         <alignment>0x4</alignment>
         <input_file_ref idref="fl-d9"/>
      </object_component>
      <object_component id="oc-1b7">
         <name>.text.free</name>
         <load_address>0x2000e2a4</load_address>
         <readonly>true</readonly>
         <executable>true</executable>
         <run_address>0x2000e2a4</run_address>
         <size>0xf0</size>
         <alignment>0x4</alignment>
         <input_file_ref idref="fl-45"/>
      </object_component>
      <object_component id="oc-b0">
         <name>.text.mainThread</name>
         <load_address>0x2000e394</load_address>
         <readonly>true</readonly>
         <executable>true</executable>
         <run_address>0x2000e394</run_address>
         <size>0xec</size>
         <alignment>0x4</alignment>
         <input_file_ref idref="fl-1"/>
      </object_component>
      <object_component id="oc-15b">
         <name>.text.I2C_open</name>
         <load_address>0x2000e480</load_address>
         <readonly>true</readonly>
         <executable>true</executable>
         <run_address>0x2000e480</run_address>
         <size>0xe8</size>
         <alignment>0x4</alignment>
         <input_file_ref idref="fl-17"/>
      </object_component>
      <object_component id="oc-1e4">
         <name>.text.UART2_close</name>
         <load_address>0x2000e568</load_address>
         <readonly>true</readonly>
         <executable>true</executable>
         <run_address>0x2000e568</run_address>
         <size>0xe8</size>
         <alignment>0x4</alignment>
         <input_file_ref idref="fl-1d"/>
      </object_component>
      <object_component id="oc-281">
         <name>.text.UART2Support_dmaStartRx</name>
         <load_address>0x2000e650</load_address>
         <readonly>true</readonly>
         <executable>true</executable>
         <run_address>0x2000e650</run_address>
         <size>0xcc</size>
         <alignment>0x4</alignment>
         <input_file_ref idref="fl-1d"/>
      </object_component>
      <object_component id="oc-2fa">
         <name>.text.IntDisable</name>
         <load_address>0x2000e71c</load_address>
         <readonly>true</readonly>
         <executable>true</executable>
         <run_address>0x2000e71c</run_address>
         <size>0xc8</size>
         <alignment>0x2</alignment>
         <input_file_ref idref="fl-2c"/>
      </object_component>
      <object_component id="oc-26a">
         <name>.text.IntEnable</name>
         <load_address>0x2000e7e4</load_address>
         <readonly>true</readonly>
         <executable>true</executable>
         <run_address>0x2000e7e4</run_address>
         <size>0xc8</size>
         <alignment>0x2</alignment>
         <input_file_ref idref="fl-2c"/>
      </object_component>
      <object_component id="oc-1e0">
         <name>.text.UART2CC32XX_initHw</name>
         <load_address>0x2000e8ac</load_address>
         <readonly>true</readonly>
         <executable>true</executable>
         <run_address>0x2000e8ac</run_address>
         <size>0xc4</size>
         <alignment>0x4</alignment>
         <input_file_ref idref="fl-1d"/>
      </object_component>
      <object_component id="oc-284">
         <name>.text.UART2Support_dmaStartTx</name>
         <load_address>0x2000e970</load_address>
         <readonly>true</readonly>
         <executable>true</executable>
         <run_address>0x2000e970</run_address>
         <size>0xb8</size>
         <alignment>0x4</alignment>
         <input_file_ref idref="fl-1d"/>
      </object_component>
      <object_component id="oc-2d5">
         <name>.text</name>
         <load_address>0x2000ea28</load_address>
         <readonly>true</readonly>
         <executable>true</executable>
         <run_address>0x2000ea28</run_address>
         <size>0xb0</size>
         <alignment>0x4</alignment>
         <input_file_ref idref="fl-e1"/>
      </object_component>
      <object_component id="oc-21b">
         <name>.text.GPIOIntTypeSet</name>
         <load_address>0x2000ead8</load_address>
         <readonly>true</readonly>
         <executable>true</executable>
         <run_address>0x2000ead8</run_address>
         <size>0xac</size>
         <alignment>0x2</alignment>
         <input_file_ref idref="fl-29"/>
      </object_component>
      <object_component id="oc-34e">
         <name>.text.IntPendSet</name>
         <load_address>0x2000eb84</load_address>
         <readonly>true</readonly>
         <executable>true</executable>
         <run_address>0x2000eb84</run_address>
         <size>0xa4</size>
         <alignment>0x2</alignment>
         <input_file_ref idref="fl-2c"/>
      </object_component>
      <object_component id="oc-189">
         <name>.text.PinConfigSet</name>
         <load_address>0x2000ec28</load_address>
         <readonly>true</readonly>
         <executable>true</executable>
         <run_address>0x2000ec28</run_address>
         <size>0xa2</size>
         <alignment>0x2</alignment>
         <input_file_ref idref="fl-2d"/>
      </object_component>
      <object_component id="oc-297">
         <name>.text.I2CCC32XX_completeTransfer</name>
         <load_address>0x2000ecca</load_address>
         <readonly>true</readonly>
         <executable>true</executable>
         <run_address>0x2000ecca</run_address>
         <size>0x9c</size>
         <alignment>0x2</alignment>
         <input_file_ref idref="fl-17"/>
      </object_component>
      <object_component id="oc-1ab">
         <name>.text.PowerCC32XX_initPolicy</name>
         <load_address>0x2000ed66</load_address>
         <readonly>true</readonly>
         <executable>true</executable>
         <run_address>0x2000ed66</run_address>
         <size>0x2</size>
         <alignment>0x2</alignment>
         <input_file_ref idref="fl-25"/>
      </object_component>
      <object_component id="oc-216">
         <name>.text.readTemp</name>
         <load_address>0x2000ed68</load_address>
         <readonly>true</readonly>
         <executable>true</executable>
         <run_address>0x2000ed68</run_address>
         <size>0x9c</size>
         <alignment>0x4</alignment>
         <input_file_ref idref="fl-1"/>
      </object_component>
      <object_component id="oc-288">
         <name>.text.I2CMasterInitExpClk</name>
         <load_address>0x2000ee04</load_address>
         <readonly>true</readonly>
         <executable>true</executable>
         <run_address>0x2000ee04</run_address>
         <size>0x98</size>
         <alignment>0x2</alignment>
         <input_file_ref idref="fl-2b"/>
      </object_component>
      <object_component id="oc-137">
         <name>.text.SemaphoreP_pend</name>
         <load_address>0x2000ee9c</load_address>
         <readonly>true</readonly>
         <executable>true</executable>
         <run_address>0x2000ee9c</run_address>
         <size>0x98</size>
         <alignment>0x4</alignment>
         <input_file_ref idref="fl-22"/>
      </object_component>
      <object_component id="oc-2ec">
         <name>.text.CPUwfi</name>
         <load_address>0x2000ef34</load_address>
         <readonly>true</readonly>
         <executable>true</executable>
         <run_address>0x2000ef34</run_address>
         <size>0xc</size>
         <alignment>0x2</alignment>
         <input_file_ref idref="fl-28"/>
      </object_component>
      <object_component id="oc-2e1">
         <name>.text</name>
         <load_address>0x2000ef40</load_address>
         <readonly>true</readonly>
         <executable>true</executable>
         <run_address>0x2000ef40</run_address>
         <size>0x96</size>
         <alignment>0x10</alignment>
         <input_file_ref idref="fl-19"/>
      </object_component>
      <object_component id="oc-263">
         <name>.text.uDMAChannelAttributeDisable</name>
         <load_address>0x2000efd6</load_address>
         <readonly>true</readonly>
         <executable>true</executable>
         <run_address>0x2000efd6</run_address>
         <size>0x92</size>
         <alignment>0x2</alignment>
         <input_file_ref idref="fl-33"/>
      </object_component>
      <object_component id="oc-dc">
         <name>.text.GPIO_init</name>
         <load_address>0x2000f068</load_address>
         <readonly>true</readonly>
         <executable>true</executable>
         <run_address>0x2000f068</run_address>
         <size>0x90</size>
         <alignment>0x4</alignment>
         <input_file_ref idref="fl-15"/>
      </object_component>
      <object_component id="oc-116">
         <name>.text.PRCMSysResetCauseGet</name>
         <load_address>0x2000f0f8</load_address>
         <readonly>true</readonly>
         <executable>true</executable>
         <run_address>0x2000f0f8</run_address>
         <size>0x8e</size>
         <alignment>0x2</alignment>
         <input_file_ref idref="fl-2e"/>
      </object_component>
      <object_component id="oc-273">
         <name>.text.SemaphoreP_destruct</name>
         <load_address>0x2000f186</load_address>
         <readonly>true</readonly>
         <executable>true</executable>
         <run_address>0x2000f186</run_address>
         <size>0x2</size>
         <alignment>0x2</alignment>
         <input_file_ref idref="fl-22"/>
      </object_component>
      <object_component id="oc-128">
         <name>.text.PowerCC32XX_configureWakeup</name>
         <load_address>0x2000f188</load_address>
         <readonly>true</readonly>
         <executable>true</executable>
         <run_address>0x2000f188</run_address>
         <size>0x88</size>
         <alignment>0x4</alignment>
         <input_file_ref idref="fl-18"/>
      </object_component>
      <object_component id="oc-f6">
         <name>.text.stateTick</name>
         <load_address>0x2000f210</load_address>
         <readonly>true</readonly>
         <executable>true</executable>
         <run_address>0x2000f210</run_address>
         <size>0x7c</size>
         <alignment>0x4</alignment>
         <input_file_ref idref="fl-1"/>
      </object_component>
      <object_component id="oc-294">
         <name>.text.I2CCC32XX_primeReadBurst</name>
         <load_address>0x2000f28c</load_address>
         <readonly>true</readonly>
         <executable>true</executable>
         <run_address>0x2000f28c</run_address>
         <size>0x7a</size>
         <alignment>0x2</alignment>
         <input_file_ref idref="fl-17"/>
      </object_component>
      <object_component id="oc-175">
         <name>.text.Timer_init</name>
         <load_address>0x2000f306</load_address>
         <readonly>true</readonly>
         <executable>true</executable>
         <run_address>0x2000f306</run_address>
         <size>0x2</size>
         <alignment>0x2</alignment>
         <input_file_ref idref="fl-1a"/>
      </object_component>
      <object_component id="oc-d7">
         <name>.text.Power_init</name>
         <load_address>0x2000f308</load_address>
         <readonly>true</readonly>
         <executable>true</executable>
         <run_address>0x2000f308</run_address>
         <size>0x78</size>
         <alignment>0x4</alignment>
         <input_file_ref idref="fl-18"/>
      </object_component>
      <object_component id="oc-1e2">
         <name>.text.HwiP_construct</name>
         <load_address>0x2000f380</load_address>
         <readonly>true</readonly>
         <executable>true</executable>
         <run_address>0x2000f380</run_address>
         <size>0x74</size>
         <alignment>0x4</alignment>
         <input_file_ref idref="fl-24"/>
      </object_component>
      <object_component id="oc-1a8">
         <name>.text.PRCMHibernateWakeUpGPIOSelect</name>
         <load_address>0x2000f3f4</load_address>
         <readonly>true</readonly>
         <executable>true</executable>
         <run_address>0x2000f3f4</run_address>
         <size>0x74</size>
         <alignment>0x2</alignment>
         <input_file_ref idref="fl-2e"/>
      </object_component>
      <object_component id="oc-258">
         <name>.text.UARTConfigSetExpClk</name>
         <load_address>0x2000f468</load_address>
         <readonly>true</readonly>
         <executable>true</executable>
         <run_address>0x2000f468</run_address>
         <size>0x74</size>
         <alignment>0x2</alignment>
         <input_file_ref idref="fl-32"/>
      </object_component>
      <object_component id="oc-18">
         <name>.text:decompress:lzss</name>
         <load_address>0x2000f4dc</load_address>
         <readonly>true</readonly>
         <executable>true</executable>
         <run_address>0x2000f4dc</run_address>
         <size>0x70</size>
         <alignment>0x2</alignment>
         <input_file_ref idref="fl-4d"/>
      </object_component>
      <object_component id="oc-2df">
         <name>.text.PinLockLevelSet</name>
         <load_address>0x2000f54c</load_address>
         <readonly>true</readonly>
         <executable>true</executable>
         <run_address>0x2000f54c</run_address>
         <size>0x6c</size>
         <alignment>0x2</alignment>
         <input_file_ref idref="fl-2d"/>
      </object_component>
      <object_component id="oc-18a">
         <name>.text.Power_setDependency</name>
         <load_address>0x2000f5b8</load_address>
         <readonly>true</readonly>
         <executable>true</executable>
         <run_address>0x2000f5b8</run_address>
         <size>0x6c</size>
         <alignment>0x4</alignment>
         <input_file_ref idref="fl-18"/>
      </object_component>
      <object_component id="oc-1de">
         <name>.text.UDMACC32XX_open</name>
         <load_address>0x2000f624</load_address>
         <readonly>true</readonly>
         <executable>true</executable>
         <run_address>0x2000f624</run_address>
         <size>0x6c</size>
         <alignment>0x4</alignment>
         <input_file_ref idref="fl-20"/>
      </object_component>
      <object_component id="oc-f5">
         <name>.text.initTimer</name>
         <load_address>0x2000f690</load_address>
         <readonly>true</readonly>
         <executable>true</executable>
         <run_address>0x2000f690</run_address>
         <size>0x6c</size>
         <alignment>0x4</alignment>
         <input_file_ref idref="fl-1"/>
      </object_component>
      <object_component id="oc-13e">
         <name>.text.powerNotifyFxn</name>
         <load_address>0x2000f6fc</load_address>
         <readonly>true</readonly>
         <executable>true</executable>
         <run_address>0x2000f6fc</run_address>
         <size>0x6c</size>
         <alignment>0x4</alignment>
         <input_file_ref idref="fl-15"/>
      </object_component>
      <object_component id="oc-337">
         <name>.text.split</name>
         <load_address>0x2000f768</load_address>
         <readonly>true</readonly>
         <executable>true</executable>
         <run_address>0x2000f768</run_address>
         <size>0x6c</size>
         <alignment>0x4</alignment>
         <input_file_ref idref="fl-45"/>
      </object_component>
      <object_component id="oc-11e">
         <name>.text.PRCMPeripheralReset</name>
         <load_address>0x2000f7d4</load_address>
         <readonly>true</readonly>
         <executable>true</executable>
         <run_address>0x2000f7d4</run_address>
         <size>0x6a</size>
         <alignment>0x2</alignment>
         <input_file_ref idref="fl-2e"/>
      </object_component>
      <object_component id="oc-1e7">
         <name>.text.UART2CC32XX_eventCallback</name>
         <load_address>0x2000f83e</load_address>
         <readonly>true</readonly>
         <executable>true</executable>
         <run_address>0x2000f83e</run_address>
         <size>0x2</size>
         <alignment>0x2</alignment>
         <input_file_ref idref="fl-1d"/>
      </object_component>
      <object_component id="oc-1f4">
         <name>.text.I2CCC32XX_initHw</name>
         <load_address>0x2000f840</load_address>
         <readonly>true</readonly>
         <executable>true</executable>
         <run_address>0x2000f840</run_address>
         <size>0x68</size>
         <alignment>0x4</alignment>
         <input_file_ref idref="fl-17"/>
      </object_component>
      <object_component id="oc-267">
         <name>.text.IntPendClear</name>
         <load_address>0x2000f8a8</load_address>
         <readonly>true</readonly>
         <executable>true</executable>
         <run_address>0x2000f8a8</run_address>
         <size>0x68</size>
         <alignment>0x2</alignment>
         <input_file_ref idref="fl-2c"/>
      </object_component>
      <object_component id="oc-295">
         <name>.text.I2CCC32XX_primeWriteBurst</name>
         <load_address>0x2000f910</load_address>
         <readonly>true</readonly>
         <executable>true</executable>
         <run_address>0x2000f910</run_address>
         <size>0x66</size>
         <alignment>0x2</alignment>
         <input_file_ref idref="fl-17"/>
      </object_component>
      <object_component id="oc-33d">
         <name>.text.__aeabi_ldiv0</name>
         <load_address>0x2000f976</load_address>
         <readonly>true</readonly>
         <executable>true</executable>
         <run_address>0x2000f976</run_address>
         <size>0x2</size>
         <alignment>0x2</alignment>
         <input_file_ref idref="fl-e3"/>
      </object_component>
      <object_component id="oc-217">
         <name>.text.GPIO_write</name>
         <load_address>0x2000f978</load_address>
         <readonly>true</readonly>
         <executable>true</executable>
         <run_address>0x2000f978</run_address>
         <size>0x60</size>
         <alignment>0x4</alignment>
         <input_file_ref idref="fl-15"/>
      </object_component>
      <object_component id="oc-283">
         <name>.text.UART2Support_dmaStopTx</name>
         <load_address>0x2000f9d8</load_address>
         <readonly>true</readonly>
         <executable>true</executable>
         <run_address>0x2000f9d8</run_address>
         <size>0x60</size>
         <alignment>0x2</alignment>
         <input_file_ref idref="fl-1d"/>
      </object_component>
      <object_component id="oc-349">
         <name>.text.FlashDisable</name>
         <load_address>0x2000fa38</load_address>
         <readonly>true</readonly>
         <executable>true</executable>
         <run_address>0x2000fa38</run_address>
         <size>0x5c</size>
         <alignment>0x2</alignment>
         <input_file_ref idref="fl-35"/>
      </object_component>
      <object_component id="oc-2a2">
         <name>.text.I2CSupport_primeTransfer</name>
         <load_address>0x2000fa94</load_address>
         <readonly>true</readonly>
         <executable>true</executable>
         <run_address>0x2000fa94</run_address>
         <size>0x5c</size>
         <alignment>0x2</alignment>
         <input_file_ref idref="fl-17"/>
      </object_component>
      <object_component id="oc-1aa">
         <name>.text.PRCMHibernateWakeupSourceDisable</name>
         <load_address>0x2000faf0</load_address>
         <readonly>true</readonly>
         <executable>true</executable>
         <run_address>0x2000faf0</run_address>
         <size>0x5c</size>
         <alignment>0x2</alignment>
         <input_file_ref idref="fl-2e"/>
      </object_component>
      <object_component id="oc-209">
         <name>.text.TimerCC32XX_allocateTimerResource</name>
         <load_address>0x2000fb4c</load_address>
         <readonly>true</readonly>
         <executable>true</executable>
         <run_address>0x2000fb4c</run_address>
         <size>0x5c</size>
         <alignment>0x4</alignment>
         <input_file_ref idref="fl-1b"/>
      </object_component>
      <object_component id="oc-11d">
         <name>.text.PRCMPeripheralClkEnable</name>
         <load_address>0x2000fba8</load_address>
         <readonly>true</readonly>
         <executable>true</executable>
         <run_address>0x2000fba8</run_address>
         <size>0x5a</size>
         <alignment>0x2</alignment>
         <input_file_ref idref="fl-2e"/>
      </object_component>
      <object_component id="oc-196">
         <name>.text._nop</name>
         <load_address>0x2000fc02</load_address>
         <readonly>true</readonly>
         <executable>true</executable>
         <run_address>0x2000fc02</run_address>
         <size>0x2</size>
         <alignment>0x2</alignment>
         <input_file_ref idref="fl-53"/>
      </object_component>
      <object_component id="oc-2d3">
         <name>.text.ClockP_startup</name>
         <load_address>0x2000fc04</load_address>
         <readonly>true</readonly>
         <executable>true</executable>
         <run_address>0x2000fc04</run_address>
         <size>0x58</size>
         <alignment>0x4</alignment>
         <input_file_ref idref="fl-23"/>
      </object_component>
      <object_component id="oc-269">
         <name>.text.IntPrioritySet</name>
         <load_address>0x2000fc5c</load_address>
         <readonly>true</readonly>
         <executable>true</executable>
         <run_address>0x2000fc5c</run_address>
         <size>0x58</size>
         <alignment>0x2</alignment>
         <input_file_ref idref="fl-2c"/>
      </object_component>
      <object_component id="oc-2eb">
         <name>.text.PRCMLPDSEnter</name>
         <load_address>0x2000fcb4</load_address>
         <readonly>true</readonly>
         <executable>true</executable>
         <run_address>0x2000fcb4</run_address>
         <size>0x56</size>
         <alignment>0x2</alignment>
         <input_file_ref idref="fl-2e"/>
      </object_component>
      <object_component id="oc-57">
         <name>.text.busFaultHandler</name>
         <load_address>0x2000fd0a</load_address>
         <readonly>true</readonly>
         <executable>true</executable>
         <run_address>0x2000fd0a</run_address>
         <size>0x2</size>
         <alignment>0x2</alignment>
         <input_file_ref idref="fl-26"/>
      </object_component>
      <object_component id="oc-1ca">
         <name>.text.PowerCC32XX_setParkState</name>
         <load_address>0x2000fd0c</load_address>
         <readonly>true</readonly>
         <executable>true</executable>
         <run_address>0x2000fd0c</run_address>
         <size>0x54</size>
         <alignment>0x4</alignment>
         <input_file_ref idref="fl-18"/>
      </object_component>
      <object_component id="oc-276">
         <name>.text.Power_releaseDependency</name>
         <load_address>0x2000fd60</load_address>
         <readonly>true</readonly>
         <executable>true</executable>
         <run_address>0x2000fd60</run_address>
         <size>0x54</size>
         <alignment>0x4</alignment>
         <input_file_ref idref="fl-18"/>
      </object_component>
      <object_component id="oc-192">
         <name>.text.GPIO_hwiIntFxn</name>
         <load_address>0x2000fdb4</load_address>
         <readonly>true</readonly>
         <executable>true</executable>
         <run_address>0x2000fdb4</run_address>
         <size>0x50</size>
         <alignment>0x4</alignment>
         <input_file_ref idref="fl-15"/>
      </object_component>
      <object_component id="oc-1a9">
         <name>.text.PRCMHibernateWakeupSourceEnable</name>
         <load_address>0x2000fe04</load_address>
         <readonly>true</readonly>
         <executable>true</executable>
         <run_address>0x2000fe04</run_address>
         <size>0x50</size>
         <alignment>0x2</alignment>
         <input_file_ref idref="fl-2e"/>
      </object_component>
      <object_component id="oc-241">
         <name>.text.SemaphoreP_construct</name>
         <load_address>0x2000fe54</load_address>
         <readonly>true</readonly>
         <executable>true</executable>
         <run_address>0x2000fe54</run_address>
         <size>0x50</size>
         <alignment>0x4</alignment>
         <input_file_ref idref="fl-22"/>
      </object_component>
      <object_component id="oc-262">
         <name>.text.uDMAChannelAssign</name>
         <load_address>0x2000fea4</load_address>
         <readonly>true</readonly>
         <executable>true</executable>
         <run_address>0x2000fea4</run_address>
         <size>0x4e</size>
         <alignment>0x2</alignment>
         <input_file_ref idref="fl-33"/>
      </object_component>
      <object_component id="oc-1be">
         <name>.text.clkFxn</name>
         <load_address>0x2000fef2</load_address>
         <readonly>true</readonly>
         <executable>true</executable>
         <run_address>0x2000fef2</run_address>
         <size>0x2</size>
         <alignment>0x2</alignment>
         <input_file_ref idref="fl-22"/>
      </object_component>
      <object_component id="oc-18f">
         <name>.text.GPIO_setInterruptConfig</name>
         <load_address>0x2000fef4</load_address>
         <readonly>true</readonly>
         <executable>true</executable>
         <run_address>0x2000fef4</run_address>
         <size>0x4c</size>
         <alignment>0x4</alignment>
         <input_file_ref idref="fl-15"/>
      </object_component>
      <object_component id="oc-347">
         <name>.text.PRCMLPDSRestoreInfoSet</name>
         <load_address>0x2000ff40</load_address>
         <readonly>true</readonly>
         <executable>true</executable>
         <run_address>0x2000ff40</run_address>
         <size>0x4c</size>
         <alignment>0x2</alignment>
         <input_file_ref idref="fl-2e"/>
      </object_component>
      <object_component id="oc-20d">
         <name>.text.initHw</name>
         <load_address>0x2000ff8c</load_address>
         <readonly>true</readonly>
         <executable>true</executable>
         <run_address>0x2000ff8c</run_address>
         <size>0x4c</size>
         <alignment>0x2</alignment>
         <input_file_ref idref="fl-1b"/>
      </object_component>
      <object_component id="oc-f7">
         <name>.text.stateAction</name>
         <load_address>0x2000ffd8</load_address>
         <readonly>true</readonly>
         <executable>true</executable>
         <run_address>0x2000ffd8</run_address>
         <size>0x4c</size>
         <alignment>0x4</alignment>
         <input_file_ref idref="fl-1"/>
      </object_component>
      <object_component id="oc-27f">
         <name>.text.UART2Support_dmaStopRx</name>
         <load_address>0x20010024</load_address>
         <readonly>true</readonly>
         <executable>true</executable>
         <run_address>0x20010024</run_address>
         <size>0x4a</size>
         <alignment>0x2</alignment>
         <input_file_ref idref="fl-1d"/>
      </object_component>
      <object_component id="oc-20c">
         <name>.text.getPrescaler</name>
         <load_address>0x2001006e</load_address>
         <readonly>true</readonly>
         <executable>true</executable>
         <run_address>0x2001006e</run_address>
         <size>0x4a</size>
         <alignment>0x2</alignment>
         <input_file_ref idref="fl-1b"/>
      </object_component>
      <object_component id="oc-301">
         <name>.text.uDMAChannelSizeGet</name>
         <load_address>0x200100b8</load_address>
         <readonly>true</readonly>
         <executable>true</executable>
         <run_address>0x200100b8</run_address>
         <size>0x4a</size>
         <alignment>0x2</alignment>
         <input_file_ref idref="fl-33"/>
      </object_component>
      <object_component id="oc-56">
         <name>.text.defaultHandler</name>
         <load_address>0x20010102</load_address>
         <readonly>true</readonly>
         <executable>true</executable>
         <run_address>0x20010102</run_address>
         <size>0x2</size>
         <alignment>0x2</alignment>
         <input_file_ref idref="fl-26"/>
      </object_component>
      <object_component id="oc-58">
         <name>.text.ClockP_sysTickHandler</name>
         <load_address>0x20010104</load_address>
         <readonly>true</readonly>
         <executable>true</executable>
         <run_address>0x20010104</run_address>
         <size>0x48</size>
         <alignment>0x4</alignment>
         <input_file_ref idref="fl-23"/>
      </object_component>
      <object_component id="oc-2e5">
         <name>.text.PRCMIntEnable</name>
         <load_address>0x2001014c</load_address>
         <readonly>true</readonly>
         <executable>true</executable>
         <run_address>0x2001014c</run_address>
         <size>0x48</size>
         <alignment>0x2</alignment>
         <input_file_ref idref="fl-2e"/>
      </object_component>
      <object_component id="oc-219">
         <name>.text.PRCMPeripheralStatusGet</name>
         <load_address>0x20010194</load_address>
         <readonly>true</readonly>
         <executable>true</executable>
         <run_address>0x20010194</run_address>
         <size>0x48</size>
         <alignment>0x2</alignment>
         <input_file_ref idref="fl-2e"/>
      </object_component>
      <object_component id="oc-344">
         <name>.text.PinConfigGet</name>
         <load_address>0x200101dc</load_address>
         <readonly>true</readonly>
         <executable>true</executable>
         <run_address>0x200101dc</run_address>
         <size>0x48</size>
         <alignment>0x2</alignment>
         <input_file_ref idref="fl-2d"/>
      </object_component>
      <object_component id="oc-2c1">
         <name>.text.__fixdfsi</name>
         <load_address>0x20010224</load_address>
         <readonly>true</readonly>
         <executable>true</executable>
         <run_address>0x20010224</run_address>
         <size>0x48</size>
         <alignment>0x4</alignment>
         <input_file_ref idref="fl-db"/>
      </object_component>
      <object_component id="oc-188">
         <name>.text.updateServer</name>
         <load_address>0x2001026c</load_address>
         <readonly>true</readonly>
         <executable>true</executable>
         <run_address>0x2001026c</run_address>
         <size>0x48</size>
         <alignment>0x4</alignment>
         <input_file_ref idref="fl-1"/>
      </object_component>
      <object_component id="oc-293">
         <name>.text.I2CCC32XX_fillTransmitFifo</name>
         <load_address>0x200102b4</load_address>
         <readonly>true</readonly>
         <executable>true</executable>
         <run_address>0x200102b4</run_address>
         <size>0x46</size>
         <alignment>0x2</alignment>
         <input_file_ref idref="fl-17"/>
      </object_component>
      <object_component id="oc-2ea">
         <name>.text.PRCMLPDSEnterKeepDebugIf</name>
         <load_address>0x200102fa</load_address>
         <readonly>true</readonly>
         <executable>true</executable>
         <run_address>0x200102fa</run_address>
         <size>0x46</size>
         <alignment>0x2</alignment>
         <input_file_ref idref="fl-2e"/>
      </object_component>
      <object_component id="oc-2ff">
         <name>.text.RingBuf_put</name>
         <load_address>0x20010340</load_address>
         <readonly>true</readonly>
         <executable>true</executable>
         <run_address>0x20010340</run_address>
         <size>0x46</size>
         <alignment>0x2</alignment>
         <input_file_ref idref="fl-1f"/>
      </object_component>
      <object_component id="oc-18d">
         <name>.text.GPIODirModeSet</name>
         <load_address>0x20010386</load_address>
         <readonly>true</readonly>
         <executable>true</executable>
         <run_address>0x20010386</run_address>
         <size>0x44</size>
         <alignment>0x2</alignment>
         <input_file_ref idref="fl-29"/>
      </object_component>
      <object_component id="oc-55">
         <name>.text.faultISR</name>
         <load_address>0x200103ca</load_address>
         <readonly>true</readonly>
         <executable>true</executable>
         <run_address>0x200103ca</run_address>
         <size>0x2</size>
         <alignment>0x2</alignment>
         <input_file_ref idref="fl-26"/>
      </object_component>
      <object_component id="oc-21c">
         <name>.text.GPIO_disableInt</name>
         <load_address>0x200103cc</load_address>
         <readonly>true</readonly>
         <executable>true</executable>
         <run_address>0x200103cc</run_address>
         <size>0x44</size>
         <alignment>0x4</alignment>
         <input_file_ref idref="fl-15"/>
      </object_component>
      <object_component id="oc-f2">
         <name>.text.GPIO_enableInt</name>
         <load_address>0x20010410</load_address>
         <readonly>true</readonly>
         <executable>true</executable>
         <run_address>0x20010410</run_address>
         <size>0x44</size>
         <alignment>0x4</alignment>
         <input_file_ref idref="fl-15"/>
      </object_component>
      <object_component id="oc-282">
         <name>.text.Power_releaseConstraint</name>
         <load_address>0x20010454</load_address>
         <readonly>true</readonly>
         <executable>true</executable>
         <run_address>0x20010454</run_address>
         <size>0x44</size>
         <alignment>0x4</alignment>
         <input_file_ref idref="fl-18"/>
      </object_component>
      <object_component id="oc-182">
         <name>.text.Timer_start</name>
         <load_address>0x20010498</load_address>
         <readonly>true</readonly>
         <executable>true</executable>
         <run_address>0x20010498</run_address>
         <size>0x44</size>
         <alignment>0x2</alignment>
         <input_file_ref idref="fl-1a"/>
      </object_component>
      <object_component id="oc-7d">
         <name>.text.addToList</name>
         <load_address>0x200104dc</load_address>
         <readonly>true</readonly>
         <executable>true</executable>
         <run_address>0x200104dc</run_address>
         <size>0x44</size>
         <alignment>0x4</alignment>
         <input_file_ref idref="fl-23"/>
      </object_component>
      <object_component id="oc-162">
         <name>.text.snprintf</name>
         <load_address>0x20010520</load_address>
         <readonly>true</readonly>
         <executable>true</executable>
         <run_address>0x20010520</run_address>
         <size>0x44</size>
         <alignment>0x4</alignment>
         <input_file_ref idref="fl-44"/>
      </object_component>
      <object_component id="oc-125">
         <name>.text.PinModeSet</name>
         <load_address>0x20010564</load_address>
         <readonly>true</readonly>
         <executable>true</executable>
         <run_address>0x20010564</run_address>
         <size>0x42</size>
         <alignment>0x2</alignment>
         <input_file_ref idref="fl-2d"/>
      </object_component>
      <object_component id="oc-2b2">
         <name>.text.TimerControlStall</name>
         <load_address>0x200105a6</load_address>
         <readonly>true</readonly>
         <executable>true</executable>
         <run_address>0x200105a6</run_address>
         <size>0x42</size>
         <alignment>0x2</alignment>
         <input_file_ref idref="fl-31"/>
      </object_component>
      <object_component id="oc-20b">
         <name>.text.Timer_close</name>
         <load_address>0x200105e8</load_address>
         <readonly>true</readonly>
         <executable>true</executable>
         <run_address>0x200105e8</run_address>
         <size>0x42</size>
         <alignment>0x2</alignment>
         <input_file_ref idref="fl-1b"/>
      </object_component>
      <object_component id="oc-22d">
         <name>.text.getCountsRTC</name>
         <load_address>0x2001062a</load_address>
         <readonly>true</readonly>
         <executable>true</executable>
         <run_address>0x2001062a</run_address>
         <size>0x42</size>
         <alignment>0x2</alignment>
         <input_file_ref idref="fl-25"/>
      </object_component>
      <object_component id="oc-139">
         <name>.text.SemaphoreP_post</name>
         <load_address>0x2001066c</load_address>
         <readonly>true</readonly>
         <executable>true</executable>
         <run_address>0x2001066c</run_address>
         <size>0x40</size>
         <alignment>0x4</alignment>
         <input_file_ref idref="fl-22"/>
      </object_component>
      <object_component id="oc-2a8">
         <name>.text.Timer_stop</name>
         <load_address>0x200106ac</load_address>
         <readonly>true</readonly>
         <executable>true</executable>
         <run_address>0x200106ac</run_address>
         <size>0x40</size>
         <alignment>0x2</alignment>
         <input_file_ref idref="fl-1a"/>
      </object_component>
      <object_component id="oc-319">
         <name>.text.atoi</name>
         <load_address>0x200106ec</load_address>
         <readonly>true</readonly>
         <executable>true</executable>
         <run_address>0x200106ec</run_address>
         <size>0x40</size>
         <alignment>0x4</alignment>
         <input_file_ref idref="fl-57"/>
      </object_component>
      <object_component id="oc-304">
         <name>.text.uDMAChannelControlSet</name>
         <load_address>0x2001072c</load_address>
         <readonly>true</readonly>
         <executable>true</executable>
         <run_address>0x2001072c</run_address>
         <size>0x40</size>
         <alignment>0x2</alignment>
         <input_file_ref idref="fl-33"/>
      </object_component>
      <object_component id="oc-346">
         <name>.text.PinDirModeSet</name>
         <load_address>0x2001076c</load_address>
         <readonly>true</readonly>
         <executable>true</executable>
         <run_address>0x2001076c</run_address>
         <size>0x3e</size>
         <alignment>0x2</alignment>
         <input_file_ref idref="fl-2d"/>
      </object_component>
      <object_component id="oc-54">
         <name>.text.nmiISR</name>
         <load_address>0x200107aa</load_address>
         <readonly>true</readonly>
         <executable>true</executable>
         <run_address>0x200107aa</run_address>
         <size>0x2</size>
         <alignment>0x2</alignment>
         <input_file_ref idref="fl-26"/>
      </object_component>
      <object_component id="oc-245">
         <name>.text.ClockP_stop</name>
         <load_address>0x200107ac</load_address>
         <readonly>true</readonly>
         <executable>true</executable>
         <run_address>0x200107ac</run_address>
         <size>0x3c</size>
         <alignment>0x4</alignment>
         <input_file_ref idref="fl-23"/>
      </object_component>
      <object_component id="oc-1d9">
         <name>.text.UDMACC32XX_init</name>
         <load_address>0x200107e8</load_address>
         <readonly>true</readonly>
         <executable>true</executable>
         <run_address>0x200107e8</run_address>
         <size>0x3c</size>
         <alignment>0x4</alignment>
         <input_file_ref idref="fl-20"/>
      </object_component>
      <object_component id="oc-215">
         <name>.text.TimerSupport_timerEnable</name>
         <load_address>0x20010824</load_address>
         <readonly>true</readonly>
         <executable>true</executable>
         <run_address>0x20010824</run_address>
         <size>0x3a</size>
         <alignment>0x2</alignment>
         <input_file_ref idref="fl-1b"/>
      </object_component>
      <object_component id="oc-1bd">
         <name>.text.ClockP_destruct</name>
         <load_address>0x20010860</load_address>
         <readonly>true</readonly>
         <executable>true</executable>
         <run_address>0x20010860</run_address>
         <size>0x38</size>
         <alignment>0x4</alignment>
         <input_file_ref idref="fl-23"/>
      </object_component>
      <object_component id="oc-2b7">
         <name>.text.Power_setConstraint</name>
         <load_address>0x20010898</load_address>
         <readonly>true</readonly>
         <executable>true</executable>
         <run_address>0x20010898</run_address>
         <size>0x38</size>
         <alignment>0x4</alignment>
         <input_file_ref idref="fl-18"/>
      </object_component>
      <object_component id="oc-2cb">
         <name>.text.RingBuf_putAdvance</name>
         <load_address>0x200108d0</load_address>
         <readonly>true</readonly>
         <executable>true</executable>
         <run_address>0x200108d0</run_address>
         <size>0x38</size>
         <alignment>0x2</alignment>
         <input_file_ref idref="fl-1f"/>
      </object_component>
      <object_component id="oc-23e">
         <name>.text.SwiP_restore</name>
         <load_address>0x20010908</load_address>
         <readonly>true</readonly>
         <executable>true</executable>
         <run_address>0x20010908</run_address>
         <size>0x38</size>
         <alignment>0x4</alignment>
         <input_file_ref idref="fl-27"/>
      </object_component>
      <object_component id="oc-274">
         <name>.text.UDMACC32XX_close</name>
         <load_address>0x20010940</load_address>
         <readonly>true</readonly>
         <executable>true</executable>
         <run_address>0x20010940</run_address>
         <size>0x38</size>
         <alignment>0x4</alignment>
         <input_file_ref idref="fl-20"/>
      </object_component>
      <object_component id="oc-bf">
         <name>.text:__TI_auto_init_nobinit_nopinit</name>
         <load_address>0x20010978</load_address>
         <readonly>true</readonly>
         <executable>true</executable>
         <run_address>0x20010978</run_address>
         <size>0x38</size>
         <alignment>0x4</alignment>
         <input_file_ref idref="fl-48"/>
      </object_component>
      <object_component id="oc-2e0">
         <name>.text.PinLock</name>
         <load_address>0x200109b0</load_address>
         <readonly>true</readonly>
         <executable>true</executable>
         <run_address>0x200109b0</run_address>
         <size>0x36</size>
         <alignment>0x2</alignment>
         <input_file_ref idref="fl-2d"/>
      </object_component>
      <object_component id="oc-212">
         <name>.text.TimerCC32XX_hwiIntFunction</name>
         <load_address>0x200109e6</load_address>
         <readonly>true</readonly>
         <executable>true</executable>
         <run_address>0x200109e6</run_address>
         <size>0x36</size>
         <alignment>0x2</alignment>
         <input_file_ref idref="fl-1b"/>
      </object_component>
      <object_component id="oc-33a">
         <name>.text.UARTCharPutNonBlocking</name>
         <load_address>0x20010a1c</load_address>
         <readonly>true</readonly>
         <executable>true</executable>
         <run_address>0x20010a1c</run_address>
         <size>0x36</size>
         <alignment>0x2</alignment>
         <input_file_ref idref="fl-32"/>
      </object_component>
      <object_component id="oc-1ba">
         <name>.text.ClockP_start</name>
         <load_address>0x20010a54</load_address>
         <readonly>true</readonly>
         <executable>true</executable>
         <run_address>0x20010a54</run_address>
         <size>0x34</size>
         <alignment>0x4</alignment>
         <input_file_ref idref="fl-23"/>
      </object_component>
      <object_component id="oc-30b">
         <name>.text.I2CFIFODataPutNonBlocking</name>
         <load_address>0x20010a88</load_address>
         <readonly>true</readonly>
         <executable>true</executable>
         <run_address>0x20010a88</run_address>
         <size>0x34</size>
         <alignment>0x2</alignment>
         <input_file_ref idref="fl-2b"/>
      </object_component>
      <object_component id="oc-345">
         <name>.text.PinDirModeGet</name>
         <load_address>0x20010abc</load_address>
         <readonly>true</readonly>
         <executable>true</executable>
         <run_address>0x20010abc</run_address>
         <size>0x34</size>
         <alignment>0x2</alignment>
         <input_file_ref idref="fl-2d"/>
      </object_component>
      <object_component id="oc-120">
         <name>.text.PinModeGet</name>
         <load_address>0x20010af0</load_address>
         <readonly>true</readonly>
         <executable>true</executable>
         <run_address>0x20010af0</run_address>
         <size>0x34</size>
         <alignment>0x2</alignment>
         <input_file_ref idref="fl-2d"/>
      </object_component>
      <object_component id="oc-2de">
         <name>.text.PowerCC32XX_parkPin</name>
         <load_address>0x20010b24</load_address>
         <readonly>true</readonly>
         <executable>true</executable>
         <run_address>0x20010b24</run_address>
         <size>0x34</size>
         <alignment>0x2</alignment>
         <input_file_ref idref="fl-18"/>
      </object_component>
      <object_component id="oc-2aa">
         <name>.text.TimerCC32XX_freeTimerResource</name>
[...]
         <object_component_ref idref="oc-278"/>
      </symbol>
      <symbol id="sm-545">
         <name>PinTypeI2C</name>
         <value>0x200112ff</value>
         <object_component_ref idref="oc-1f3"/>
      </symbol>
      <symbol id="sm-546">
         <name>PinTypeUART</name>
         <value>0x200113c1</value>
         <object_component_ref idref="oc-24b"/>
      </symbol>
      <symbol id="sm-547">
         <name>PinUnlock</name>
         <value>0x20011257</value>
         <object_component_ref idref="oc-2e6"/>
      </symbol>
      <symbol id="sm-5f9">
         <name>PRCMCC3200MCUInit</name>
         <value>0x2000c8ad</value>
         <object_component_ref idref="oc-d2"/>
      </symbol>
      <symbol id="sm-5fa">
         <name>PRCMHIBRegRead</name>
         <value>0x20011573</value>
         <object_component_ref idref="oc-11c"/>
      </symbol>
      <symbol id="sm-5fb">
         <name>PRCMHIBRegWrite</name>
         <value>0x2001158d</value>
         <object_component_ref idref="oc-11b"/>
      </symbol>
      <symbol id="sm-5fc">
         <name>PRCMHibernateWakeUpGPIOSelect</name>
         <value>0x2000f3f5</value>
         <object_component_ref idref="oc-1a8"/>
      </symbol>
      <symbol id="sm-5fd">
         <name>PRCMHibernateWakeupSourceDisable</name>
         <value>0x2000faf1</value>
         <object_component_ref idref="oc-1aa"/>
      </symbol>
      <symbol id="sm-5fe">
         <name>PRCMHibernateWakeupSourceEnable</name>
         <value>0x2000fe05</value>
         <object_component_ref idref="oc-1a9"/>
      </symbol>
      <symbol id="sm-5ff">
         <name>PRCMIntEnable</name>
         <value>0x2001014d</value>
         <object_component_ref idref="oc-2e5"/>
      </symbol>
      <symbol id="sm-600">
         <name>PRCMLPDSEnter</name>
         <value>0x2000fcb5</value>
         <object_component_ref idref="oc-2eb"/>
      </symbol>
      <symbol id="sm-601">
         <name>PRCMLPDSEnterKeepDebugIf</name>
         <value>0x200102fb</value>
         <object_component_ref idref="oc-2ea"/>
      </symbol>
      <symbol id="sm-602">
         <name>PRCMLPDSIntervalSet</name>
         <value>0x20010c55</value>
         <object_component_ref idref="oc-237"/>
      </symbol>
      <symbol id="sm-603">
         <name>PRCMLPDSRestoreInfoSet</name>
         <value>0x2000ff41</value>
         <object_component_ref idref="oc-347"/>
      </symbol>
      <symbol id="sm-604">
         <name>PRCMLPDSWakeUpGPIOSelect</name>
         <value>0x20010f0b</value>
         <object_component_ref idref="oc-1a7"/>
      </symbol>
      <symbol id="sm-605">
         <name>PRCMLPDSWakeupCauseGet</name>
         <value>0x20011b05</value>
         <object_component_ref idref="oc-2e8"/>
      </symbol>
      <symbol id="sm-606">
         <name>PRCMLPDSWakeupSourceDisable</name>
         <value>0x200115a7</value>
         <object_component_ref idref="oc-1a6"/>
      </symbol>
      <symbol id="sm-607">
         <name>PRCMLPDSWakeupSourceEnable</name>
         <value>0x2001115d</value>
         <object_component_ref idref="oc-1a5"/>
      </symbol>
      <symbol id="sm-608">
         <name>PRCMPeripheralClkDisable</name>
         <value>0x20010f35</value>
         <object_component_ref idref="oc-11f"/>
      </symbol>
      <symbol id="sm-609">
         <name>PRCMPeripheralClkEnable</name>
         <value>0x2000fba9</value>
         <object_component_ref idref="oc-11d"/>
      </symbol>
      <symbol id="sm-60a">
         <name>PRCMPeripheralReset</name>
         <value>0x2000f7d5</value>
         <object_component_ref idref="oc-11e"/>
      </symbol>
      <symbol id="sm-60b">
         <name>PRCMPeripheralStatusGet</name>
         <value>0x20010195</value>
         <object_component_ref idref="oc-219"/>
      </symbol>
      <symbol id="sm-60c">
         <name>PRCMSRAMRetentionEnable</name>
         <value>0x20011051</value>
         <object_component_ref idref="oc-2dd"/>
      </symbol>
      <symbol id="sm-60d">
         <name>PRCMSleepEnter</name>
         <value>0x20011bf9</value>
         <object_component_ref idref="oc-23d"/>
      </symbol>
      <symbol id="sm-60e">
         <name>PRCMSlowClkCtrFastGet</name>
         <value>0x20010c85</value>
         <object_component_ref idref="oc-2d4"/>
      </symbol>
      <symbol id="sm-60f">
         <name>PRCMSysResetCauseGet</name>
         <value>0x2000f0f9</value>
         <object_component_ref idref="oc-116"/>
      </symbol>
      <symbol id="sm-62d">
         <name>SysTickEnable</name>
         <value>0x200118df</value>
         <object_component_ref idref="oc-23b"/>
      </symbol>
      <symbol id="sm-62e">
         <name>SysTickIntDisable</name>
         <value>0x200118f1</value>
         <object_component_ref idref="oc-232"/>
      </symbol>
      <symbol id="sm-62f">
         <name>SysTickIntEnable</name>
         <value>0x20011903</value>
         <object_component_ref idref="oc-23c"/>
      </symbol>
      <symbol id="sm-630">
         <name>SysTickPeriodSet</name>
         <value>0x200116c5</value>
         <object_component_ref idref="oc-23a"/>
      </symbol>
      <symbol id="sm-66f">
         <name>TimerControlStall</name>
         <value>0x200105a7</value>
         <object_component_ref idref="oc-2b2"/>
      </symbol>
      <symbol id="sm-670">
         <name>TimerDisable</name>
         <value>0x200113a1</value>
         <object_component_ref idref="oc-2ab"/>
      </symbol>
      <symbol id="sm-671">
         <name>TimerEnable</name>
         <value>0x200115db</value>
         <object_component_ref idref="oc-2b8"/>
      </symbol>
      <symbol id="sm-672">
         <name>TimerIntClear</name>
         <value>0x200119c9</value>
         <object_component_ref idref="oc-2b5"/>
      </symbol>
      <symbol id="sm-673">
         <name>TimerIntDisable</name>
         <value>0x200116db</value>
         <object_component_ref idref="oc-385"/>
      </symbol>
      <symbol id="sm-674">
         <name>TimerIntEnable</name>
         <value>0x200117e9</value>
         <object_component_ref idref="oc-2b6"/>
      </symbol>
      <symbol id="sm-675">
         <name>TimerLoadSet</name>
         <value>0x20010cb5</value>
         <object_component_ref idref="oc-2b1"/>
      </symbol>
      <symbol id="sm-676">
         <name>TimerPrescaleSet</name>
         <value>0x20010ce5</value>
         <object_component_ref idref="oc-2b0"/>
      </symbol>
      <symbol id="sm-6e0">
         <name>UARTBusy</name>
         <value>0x200119f9</value>
         <object_component_ref idref="oc-33b"/>
      </symbol>
      <symbol id="sm-6e1">
         <name>UARTCharPutNonBlocking</name>
         <value>0x20010a1d</value>
         <object_component_ref idref="oc-33a"/>
      </symbol>
      <symbol id="sm-6e2">
         <name>UARTCharsAvail</name>
         <value>0x200116f1</value>
         <object_component_ref idref="oc-280"/>
      </symbol>
      <symbol id="sm-6e3">
         <name>UARTConfigSetExpClk</name>
         <value>0x2000f469</value>
         <object_component_ref idref="oc-258"/>
      </symbol>
      <symbol id="sm-6e4">
         <name>UARTDMADisable</name>
         <value>0x20011707</value>
         <object_component_ref idref="oc-26f"/>
      </symbol>
      <symbol id="sm-6e5">
         <name>UARTDMAEnable</name>
         <value>0x200117fd</value>
         <object_component_ref idref="oc-307"/>
      </symbol>
      <symbol id="sm-6e6">
         <name>UARTDisable</name>
         <value>0x20010dff</value>
         <object_component_ref idref="oc-271"/>
      </symbol>
      <symbol id="sm-6e7">
         <name>UARTEnable</name>
         <value>0x200113fd</value>
         <object_component_ref idref="oc-25e"/>
      </symbol>
      <symbol id="sm-6e8">
         <name>UARTFIFOLevelSet</name>
         <value>0x2001171d</value>
         <object_component_ref idref="oc-260"/>
      </symbol>
      <symbol id="sm-6e9">
         <name>UARTFlowControlSet</name>
         <value>0x200115f5</value>
         <object_component_ref idref="oc-261"/>
      </symbol>
      <symbol id="sm-6ea">
         <name>UARTIntClear</name>
         <value>0x20011a09</value>
         <object_component_ref idref="oc-25d"/>
      </symbol>
      <symbol id="sm-6eb">
         <name>UARTIntDisable</name>
         <value>0x20011733</value>
         <object_component_ref idref="oc-26e"/>
      </symbol>
      <symbol id="sm-6ec">
         <name>UARTIntEnable</name>
         <value>0x20011811</value>
         <object_component_ref idref="oc-25f"/>
      </symbol>
      <symbol id="sm-6ed">
         <name>UARTIntStatus</name>
         <value>0x20010f5f</value>
         <object_component_ref idref="oc-27b"/>
      </symbol>
      <symbol id="sm-6ee">
         <name>UARTRxErrorGet</name>
         <value>0x20011a19</value>
         <object_component_ref idref="oc-27d"/>
      </symbol>
      <symbol id="sm-747">
         <name>uDMAChannelAssign</name>
         <value>0x2000fea5</value>
         <object_component_ref idref="oc-262"/>
      </symbol>
      <symbol id="sm-748">
         <name>uDMAChannelAttributeDisable</name>
         <value>0x2000efd7</value>
         <object_component_ref idref="oc-263"/>
      </symbol>
      <symbol id="sm-749">
         <name>uDMAChannelControlSet</name>
         <value>0x2001072d</value>
         <object_component_ref idref="oc-304"/>
      </symbol>
      <symbol id="sm-74a">
         <name>uDMAChannelDisable</name>
         <value>0x20011439</value>
         <object_component_ref idref="oc-300"/>
      </symbol>
      <symbol id="sm-74b">
         <name>uDMAChannelEnable</name>
         <value>0x20011457</value>
         <object_component_ref idref="oc-306"/>
      </symbol>
      <symbol id="sm-74c">
         <name>uDMAChannelIsEnabled</name>
         <value>0x20011475</value>
         <object_component_ref idref="oc-27e"/>
      </symbol>
      <symbol id="sm-74d">
         <name>uDMAChannelSizeGet</name>
         <value>0x200100b9</value>
         <object_component_ref idref="oc-301"/>
      </symbol>
      <symbol id="sm-74e">
         <name>uDMAChannelTransferSet</name>
         <value>0x2000e097</value>
         <object_component_ref idref="oc-305"/>
      </symbol>
      <symbol id="sm-74f">
         <name>uDMAControlBaseSet</name>
         <value>0x20011839</value>
         <object_component_ref idref="oc-255"/>
      </symbol>
      <symbol id="sm-750">
         <name>uDMAEnable</name>
         <value>0x20011a91</value>
         <object_component_ref idref="oc-250"/>
      </symbol>
      <symbol id="sm-751">
         <name>uDMAErrorStatusClear</name>
         <value>0x20011a9f</value>
         <object_component_ref idref="oc-38c"/>
      </symbol>
      <symbol id="sm-752">
         <name>uDMAErrorStatusGet</name>
         <value>0x20011b7d</value>
         <object_component_ref idref="oc-38b"/>
      </symbol>
      <symbol id="sm-753">
         <name>uDMAIntClear</name>
         <value>0x2001184d</value>
         <object_component_ref idref="oc-302"/>
      </symbol>
      <symbol id="sm-75e">
         <name>UtilsDelay</name>
         <value>0x20011c01</value>
         <object_component_ref idref="oc-117"/>
      </symbol>
      <symbol id="sm-78b">
         <name>FlashDisable</name>
         <value>0x2000fa39</value>
         <object_component_ref idref="oc-349"/>
      </symbol>
      <symbol id="sm-79c">
         <name>snprintf</name>
         <value>0x20010521</value>
         <object_component_ref idref="oc-162"/>
      </symbol>
      <symbol id="sm-7bc">
         <name>malloc</name>
         <value>0x20011c19</value>
         <object_component_ref idref="oc-21a"/>
      </symbol>
      <symbol id="sm-7bd">
         <name>aligned_alloc</name>
         <value>0x2000de5d</value>
         <object_component_ref idref="oc-2c7"/>
      </symbol>
      <symbol id="sm-7be">
         <name>free</name>
         <value>0x2000e2a5</value>
         <object_component_ref idref="oc-1b7"/>
      </symbol>
      <symbol id="sm-7bf">
         <name>_sys_memory</name>
         <value>0x20004040</value>
         <object_component_ref idref="oc-31"/>
      </symbol>
      <symbol id="sm-7c0">
         <name>memalign</name>
         <value>0x2000de5d</value>
         <object_component_ref idref="oc-2c7"/>
      </symbol>
      <symbol id="sm-7cb">
         <name>_c_int00_noargs</name>
         <value>0x20011211</value>
         <object_component_ref idref="oc-76"/>
      </symbol>
      <symbol id="sm-7cc">
         <name>__stack</name>
         <value>0x20003000</value>
         <object_component_ref idref="oc-16"/>
      </symbol>
      <symbol id="sm-7d8">
         <name>__TI_auto_init_nobinit_nopinit</name>
         <value>0x20010979</value>
         <object_component_ref idref="oc-bf"/>
      </symbol>
      <symbol id="sm-7e0">
         <name>_system_pre_init</name>
         <value>0x20011c61</value>
         <object_component_ref idref="oc-8b"/>
      </symbol>
      <symbol id="sm-7eb">
         <name>__TI_zero_init</name>
         <value>0x20011a49</value>
         <object_component_ref idref="oc-49"/>
      </symbol>
      <symbol id="sm-7f4">
         <name>__TI_decompress_none</name>
         <value>0x20011abb</value>
         <object_component_ref idref="oc-1c"/>
      </symbol>
      <symbol id="sm-7fe">
         <name>__TI_decompress_lzss</name>
         <value>0x2000f4dd</value>
         <object_component_ref idref="oc-18"/>
      </symbol>
      <symbol id="sm-81e">
         <name>__TI_printfi_nofloat</name>
         <value>0x2000c041</value>
         <object_component_ref idref="oc-29e"/>
      </symbol>
      <symbol id="sm-82b">
         <name>__aeabi_errno_addr</name>
         <value>0x20011c09</value>
         <object_component_ref idref="oc-321"/>
      </symbol>
      <symbol id="sm-82c">
         <name>__aeabi_errno</name>
         <value>0x200137f4</value>
         <object_component_ref idref="oc-35d"/>
      </symbol>
      <symbol id="sm-836">
         <name>abort</name>
         <value>0x20011c65</value>
         <object_component_ref idref="oc-b8"/>
      </symbol>
      <symbol id="sm-837">
         <name>C$$EXIT</name>
         <value>0x20011c64</value>
         <object_component_ref idref="oc-b8"/>
      </symbol>
      <symbol id="sm-840">
         <name>_nop</name>
         <value>0x2000fc03</value>
         <object_component_ref idref="oc-196"/>
      </symbol>
      <symbol id="sm-841">
         <name>_lock</name>
         <value>0x200137f8</value>
         <object_component_ref idref="oc-10c"/>
      </symbol>
      <symbol id="sm-842">
         <name>_unlock</name>
         <value>0x200137fc</value>
         <object_component_ref idref="oc-10f"/>
      </symbol>
      <symbol id="sm-84f">
         <name>atoi</name>
         <value>0x200106ed</value>
         <object_component_ref idref="oc-319"/>
      </symbol>
      <symbol id="sm-859">
         <name>memccpy</name>
         <value>0x2001141b</value>
         <object_component_ref idref="oc-312"/>
      </symbol>
      <symbol id="sm-862">
         <name>wcslen</name>
         <value>0x20011a39</value>
         <object_component_ref idref="oc-31d"/>
      </symbol>
      <symbol id="sm-868">
         <name>__aeabi_ctype_table_</name>
         <value>0x20012a20</value>
         <object_component_ref idref="oc-356"/>
      </symbol>
      <symbol id="sm-869">
         <name>__aeabi_ctype_table_C</name>
         <value>0x20012a20</value>
         <object_component_ref idref="oc-356"/>
      </symbol>
      <symbol id="sm-881">
         <name>__aeabi_dmul</name>
         <value>0x2000e1a9</value>
         <object_component_ref idref="oc-2bd"/>
      </symbol>
      <symbol id="sm-882">
         <name>__muldf3</name>
         <value>0x2000e1a9</value>
         <object_component_ref idref="oc-2bd"/>
      </symbol>
      <symbol id="sm-888">
         <name>__aeabi_d2iz</name>
         <value>0x20010225</value>
         <object_component_ref idref="oc-2c1"/>
      </symbol>
      <symbol id="sm-889">
         <name>__fixdfsi</name>
         <value>0x20010225</value>
         <object_component_ref idref="oc-2c1"/>
      </symbol>
      <symbol id="sm-88f">
         <name>__aeabi_i2d</name>
         <value>0x20010e2d</value>
         <object_component_ref idref="oc-2b9"/>
      </symbol>
      <symbol id="sm-890">
         <name>__floatsidf</name>
         <value>0x20010e2d</value>
         <object_component_ref idref="oc-2b9"/>
      </symbol>
      <symbol id="sm-896">
         <name>__aeabi_memcpy</name>
         <value>0x20011c5d</value>
         <object_component_ref idref="oc-3c"/>
      </symbol>
      <symbol id="sm-897">
         <name>__aeabi_memcpy4</name>
         <value>0x20011c5d</value>
         <object_component_ref idref="oc-3c"/>
      </symbol>
      <symbol id="sm-898">
         <name>__aeabi_memcpy8</name>
         <value>0x20011c5d</value>
         <object_component_ref idref="oc-3c"/>
      </symbol>
      <symbol id="sm-8a1">
         <name>__aeabi_memset</name>
         <value>0x20011bc5</value>
         <object_component_ref idref="oc-311"/>
      </symbol>
      <symbol id="sm-8a2">
         <name>__aeabi_memset4</name>
         <value>0x20011bc5</value>
         <object_component_ref idref="oc-311"/>
      </symbol>
      <symbol id="sm-8a3">
         <name>__aeabi_memset8</name>
         <value>0x20011bc5</value>
         <object_component_ref idref="oc-311"/>
      </symbol>
      <symbol id="sm-8a4">
         <name>__aeabi_memclr</name>
         <value>0x20011c11</value>
         <object_component_ref idref="oc-67"/>
      </symbol>
      <symbol id="sm-8a5">
         <name>__aeabi_memclr4</name>
         <value>0x20011c11</value>
         <object_component_ref idref="oc-67"/>
      </symbol>
      <symbol id="sm-8a6">
         <name>__aeabi_memclr8</name>
         <value>0x20011c11</value>
         <object_component_ref idref="oc-67"/>
      </symbol>
      <symbol id="sm-8ac">
         <name>__aeabi_uldivmod</name>
         <value>0x20011825</value>
         <object_component_ref idref="oc-22e"/>
      </symbol>
      <symbol id="sm-8b2">
         <name>__udivmoddi4</name>
         <value>0x2000ea29</value>
         <object_component_ref idref="oc-2d5"/>
      </symbol>
      <symbol id="sm-8bd">
         <name>__aeabi_ldiv0</name>
         <value>0x2000f977</value>
         <object_component_ref idref="oc-33d"/>
      </symbol>
      <symbol id="sm-8c6">
         <name>TI_memcpy_small</name>
         <value>0x20011927</value>
         <object_component_ref idref="oc-81"/>
      </symbol>
      <symbol id="sm-8ce">
         <name>TI_memset_small</name>
         <value>0x20011aad</value>
         <object_component_ref idref="oc-9e"/>
      </symbol>
      <symbol id="sm-8cf">
         <name>__TI_static_base__</name>
         <value>0x20011c68</value>
      </symbol>
      <symbol id="sm-8d2">
         <name>ITM_flush</name>
         <value>0x0</value>
      </symbol>
      <symbol id="sm-8d3">
         <name>ITM_restore</name>
         <value>0x0</value>
      </symbol>
      <symbol id="sm-8d4">
         <name>__mpu_init</name>
         <value>0x0</value>
      </symbol>
      <symbol id="sm-8d5">
         <name>_system_post_cinit</name>
         <value>0x0</value>
      </symbol>
   </symbol_table>
   <title>Link successful</title>
</link_info>
