******************************************************************************
            TI ARM Clang Linker PC v3.2.2                      
******************************************************************************
>> Linked Mon Nov 25 22:09:36 2024

OUTPUT FILE NAME:   <gpiointerrupt_CC3220S_LAUNCHXL_nortos_ticlang.out>
ENTRY POINT SYMBOL: "resetISR"  address: 2000edf9


MEMORY CONFIGURATION

         name            origin    length      used     unused   attr    fill
----------------------  --------  ---------  --------  --------  ----  --------
  SRAM2                 20000000   00004000  0000130c  00002cf4  RW X
  SRAM                  20004000   0003c000  0000bfdc  00030024  RW X
  LOG_DATA              90000000   00040000  00000000  00040000  R   
  LOG_PTR               94000008   00040000  00000000  00040000  R   


SEGMENT ALLOCATION MAP

run origin  load origin   length   init length attrs members
----------  ----------- ---------- ----------- ----- -------
20003000    20003000    00001000   00000000    rw-
  20003000    20003000    00001000   00000000    rw- .stack
20004000    20004000    00000040   00000040    r--
  20004000    20004000    00000040   00000040    r-- .resetVecs
20004040    20004040    00008000   00000000    rw-
  20004040    20004040    00008000   00000000    rw- .sysmem
2000c040    2000c040    0000319c   0000319c    r-x
  2000c040    2000c040    0000319c   0000319c    r-x .text
2000f1e0    2000f1e0    00000681   00000000    rw-
  2000f1e0    2000f1e0    00000681   00000000    rw- .data
2000f864    2000f864    000003ac   000003ac    r--
  2000f864    2000f864    000003ac   000003ac    r-- .rodata
2000fc10    2000fc10    000002db   00000000    rw-
  2000fc10    2000fc10    000002db   00000000    rw- .bss
2000feec    2000feec    000000f8   000000f8    r--
  2000feec    2000feec    000000f8   000000f8    r-- .cinit


SECTION ALLOCATION MAP

 output                                  attributes/
section   page    origin      length       input sections
--------  ----  ----------  ----------   ----------------
.text      0    2000c040    0000319c     
                  2000c040    000004b8     driverlib.a : prcm.obj (.text.PRCMCC3200MCUInit)
                  2000c4f8    000003e4     drivers_cc32xx.a : PowerCC32XX.c.obj (.text.Power_sleep)
                  2000c8dc    00000150     nortos_cc32xx.a : PowerCC32XX_nortos.c.obj (.text.PowerCC32XX_sleepPolicy)
                  2000ca2c    00000148     drivers_cc32xx.a : TimerCC32XX.c.obj (.text.Timer_open)
                  2000cb74    00000140                      : GPIOCC32XX.c.obj (.text.GPIO_setConfig)
                  2000ccb4    00000120     libc.a : memory.c.obj (.text.aligned_alloc)
                  2000cdd4    000000f0            : memory.c.obj (.text.free)
                  2000cec4    000000c8     driverlib.a : interrupt.obj (.text.IntDisable)
                  2000cf8c    000000c8                 : interrupt.obj (.text.IntEnable)
                  2000d054    000000b0     libclang_rt.builtins.a : udivmoddi4.S.obj (.text)
                  2000d104    000000ac     driverlib.a : gpio.obj (.text.GPIOIntTypeSet)
                  2000d1b0    000000a4                 : interrupt.obj (.text.IntPendSet)
                  2000d254    000000a2                 : pin.obj (.text.PinConfigSet)
                  2000d2f6    00000002     ti_drivers_config.o (.text.Board_initHook)
                  2000d2f8    000000a0     gpiointerrupt.o (.text.implementAction)
                  2000d398    00000098     nortos_cc32xx.a : SemaphoreP_nortos.c.obj (.text.SemaphoreP_pend)
                  2000d430    00000096     drivers_cc32xx.a : PowerCC32XX_ticlang.asm.obj (.text)
                  2000d4c6    00000002     nortos_cc32xx.a : PowerCC32XX_nortos.c.obj (.text.PowerCC32XX_initPolicy)
                  2000d4c8    00000090     drivers_cc32xx.a : GPIOCC32XX.c.obj (.text.GPIO_init)
                  2000d558    0000008e     driverlib.a : prcm.obj (.text.PRCMSysResetCauseGet)
                  2000d5e6    00000002     nortos_cc32xx.a : SemaphoreP_nortos.c.obj (.text.SemaphoreP_destruct)
                  2000d5e8    00000088     drivers_cc32xx.a : PowerCC32XX.c.obj (.text.PowerCC32XX_configureWakeup)
                  2000d670    00000078                      : PowerCC32XX.c.obj (.text.Power_init)
                  2000d6e8    00000074     nortos_cc32xx.a : HwiPCC32XX_nortos.c.obj (.text.HwiP_construct)
                  2000d75c    00000074     driverlib.a : prcm.obj (.text.PRCMHibernateWakeUpGPIOSelect)
                  2000d7d0    00000074     gpiointerrupt.o (.text.mainThread)
                  2000d844    00000070     libc.a : copy_decompress_lzss.c.obj (.text:decompress:lzss)
                  2000d8b4    0000006c     driverlib.a : pin.obj (.text.PinLockLevelSet)
                  2000d920    0000006c     drivers_cc32xx.a : PowerCC32XX.c.obj (.text.Power_setDependency)
                  2000d98c    0000006c     gpiointerrupt.o (.text.checkState)
                  2000d9f8    0000006c     drivers_cc32xx.a : GPIOCC32XX.c.obj (.text.powerNotifyFxn)
                  2000da64    0000006c     libc.a : memory.c.obj (.text.split)
                  2000dad0    0000006a     driverlib.a : prcm.obj (.text.PRCMPeripheralReset)
                  2000db3a    00000068                 : interrupt.obj (.text.IntPendClear)
                  2000dba2    00000002     drivers_cc32xx.a : Timer.c.obj (.text.Timer_init)
                  2000dba4    00000060                      : GPIOCC32XX.c.obj (.text.GPIO_write)
                  2000dc04    0000005c     driverlib.a : flash.obj (.text.FlashDisable)
                  2000dc60    0000005c                 : prcm.obj (.text.PRCMHibernateWakeupSourceDisable)
                  2000dcbc    0000005c     drivers_cc32xx.a : TimerCC32XX.c.obj (.text.TimerCC32XX_allocateTimerResource)
                  2000dd18    0000005a     driverlib.a : prcm.obj (.text.PRCMPeripheralClkEnable)
                  2000dd72    00000002     libclang_rt.builtins.a : aeabi_div0.c.obj (.text.__aeabi_ldiv0)
                  2000dd74    00000058     nortos_cc32xx.a : ClockPSysTick_nortos.c.obj (.text.ClockP_startup)
                  2000ddcc    00000058     driverlib.a : interrupt.obj (.text.IntPrioritySet)
                  2000de24    00000056                 : prcm.obj (.text.PRCMLPDSEnter)
                  2000de7a    00000002     libc.a : _lock.c.obj (.text._nop)
                  2000de7c    00000054     drivers_cc32xx.a : PowerCC32XX.c.obj (.text.PowerCC32XX_setParkState)
                  2000ded0    00000054                      : PowerCC32XX.c.obj (.text.Power_releaseDependency)
                  2000df24    00000050                      : GPIOCC32XX.c.obj (.text.GPIO_hwiIntFxn)
                  2000df74    00000050     driverlib.a : prcm.obj (.text.PRCMHibernateWakeupSourceEnable)
                  2000dfc4    00000050     nortos_cc32xx.a : SemaphoreP_nortos.c.obj (.text.SemaphoreP_construct)
                  2000e014    0000004c     drivers_cc32xx.a : GPIOCC32XX.c.obj (.text.GPIO_setInterruptConfig)
                  2000e060    0000004c     driverlib.a : prcm.obj (.text.PRCMLPDSRestoreInfoSet)
                  2000e0ac    0000004c     drivers_cc32xx.a : TimerCC32XX.c.obj (.text.initHw)
                  2000e0f8    0000004a                      : TimerCC32XX.c.obj (.text.getPrescaler)
                  2000e142    00000002     nortos_cc32xx.a : startup_cc32xx_ticlang.c.obj (.text.busFaultHandler)
                  2000e144    00000048                     : ClockPSysTick_nortos.c.obj (.text.ClockP_sysTickHandler)
                  2000e18c    00000048     driverlib.a : prcm.obj (.text.PRCMIntEnable)
                  2000e1d4    00000048                 : prcm.obj (.text.PRCMPeripheralStatusGet)
                  2000e21c    00000048                 : pin.obj (.text.PinConfigGet)
                  2000e264    00000046                 : prcm.obj (.text.PRCMLPDSEnterKeepDebugIf)
                  2000e2aa    00000044                 : gpio.obj (.text.GPIODirModeSet)
                  2000e2ee    00000002     nortos_cc32xx.a : SemaphoreP_nortos.c.obj (.text.clkFxn)
                  2000e2f0    00000044     drivers_cc32xx.a : GPIOCC32XX.c.obj (.text.GPIO_disableInt)
                  2000e334    00000044                      : GPIOCC32XX.c.obj (.text.GPIO_enableInt)
                  2000e378    00000044                      : PowerCC32XX.c.obj (.text.Power_releaseConstraint)
                  2000e3bc    00000044                      : Timer.c.obj (.text.Timer_start)
                  2000e400    00000044     nortos_cc32xx.a : ClockPSysTick_nortos.c.obj (.text.addToList)
                  2000e444    00000042     driverlib.a : pin.obj (.text.PinModeSet)
                  2000e486    00000042                 : timer.obj (.text.TimerControlStall)
                  2000e4c8    00000042     drivers_cc32xx.a : TimerCC32XX.c.obj (.text.Timer_close)
                  2000e50a    00000042     nortos_cc32xx.a : PowerCC32XX_nortos.c.obj (.text.getCountsRTC)
                  2000e54c    00000040                     : SemaphoreP_nortos.c.obj (.text.SemaphoreP_post)
                  2000e58c    00000040     drivers_cc32xx.a : Timer.c.obj (.text.Timer_stop)
                  2000e5cc    0000003e     driverlib.a : pin.obj (.text.PinDirModeSet)
                  2000e60a    00000002     nortos_cc32xx.a : startup_cc32xx_ticlang.c.obj (.text.defaultHandler)
                  2000e60c    0000003c                     : ClockPSysTick_nortos.c.obj (.text.ClockP_stop)
                  2000e648    0000003c     gpiointerrupt.o (.text.initTimer)
                  2000e684    0000003a     drivers_cc32xx.a : TimerCC32XX.c.obj (.text.TimerSupport_timerEnable)
                  2000e6be    00000002     nortos_cc32xx.a : startup_cc32xx_ticlang.c.obj (.text.faultISR)
                  2000e6c0    00000038                     : ClockPSysTick_nortos.c.obj (.text.ClockP_destruct)
                  2000e6f8    00000038     drivers_cc32xx.a : PowerCC32XX.c.obj (.text.Power_setConstraint)
                  2000e730    00000038     nortos_cc32xx.a : SwiP_nortos.c.obj (.text.SwiP_restore)
                  2000e768    00000038     libc.a : autoinit.c.obj (.text:__TI_auto_init_nobinit_nopinit)
                  2000e7a0    00000036     driverlib.a : pin.obj (.text.PinLock)
                  2000e7d6    00000036     drivers_cc32xx.a : TimerCC32XX.c.obj (.text.TimerCC32XX_hwiIntFunction)
                  2000e80c    00000034     nortos_cc32xx.a : ClockPSysTick_nortos.c.obj (.text.ClockP_start)
                  2000e840    00000034     driverlib.a : pin.obj (.text.PinDirModeGet)
                  2000e874    00000034                 : pin.obj (.text.PinModeGet)
                  2000e8a8    00000034     drivers_cc32xx.a : PowerCC32XX.c.obj (.text.PowerCC32XX_parkPin)
                  2000e8dc    00000034                      : TimerCC32XX.c.obj (.text.TimerCC32XX_freeTimerResource)
                  2000e910    00000034     nortos_cc32xx.a : startup_cc32xx_ticlang.c.obj (.text.initVectors)
                  2000e944    00000030                     : ClockPSysTick_nortos.c.obj (.text.ClockP_getTicksUntilInterrupt)
                  2000e974    00000030     driverlib.a : prcm.obj (.text.PRCMLPDSIntervalSet)
                  2000e9a4    00000030                 : prcm.obj (.text.PRCMSlowClkCtrFastGet)
                  2000e9d4    00000030                 : timer.obj (.text.TimerLoadSet)
                  2000ea04    00000030                 : timer.obj (.text.TimerPrescaleSet)
                  2000ea34    00000030     drivers_cc32xx.a : PowerCC32XX.c.obj (.text.notify)
                  2000ea64    0000002e     driverlib.a : gpio.obj (.text.GPIOIntStatus)
                  2000ea92    0000002a     nortos_cc32xx.a : HwiPCC32XX_nortos.c.obj (.text.HwiP_create)
                  2000eabc    0000002a     driverlib.a : prcm.obj (.text.PRCMLPDSWakeUpGPIOSelect)
                  2000eae6    0000002a                 : prcm.obj (.text.PRCMPeripheralClkDisable)
                  2000eb10    00000028     drivers_cc32xx.a : List.c.obj (.text.List_remove)
                  2000eb38    00000028     driverlib.a : prcm.obj (.text.PRCMSRAMRetentionEnable)
                  2000eb60    00000028     drivers_cc32xx.a : TimerCC32XX.c.obj (.text.TimerSupport_timerDisable)
                  2000eb88    00000028     libc.a : memory.c.obj (.text.free_list_insert)
                  2000ebb0    00000024     driverlib.a : interrupt.obj (.text.IntUnregister)
                  2000ebd4    00000024     drivers_cc32xx.a : List.c.obj (.text.List_put)
                  2000ebf8    00000024     driverlib.a : prcm.obj (.text.PRCMLPDSWakeupSourceEnable)
                  2000ec1c    00000024     drivers_cc32xx.a : PowerCC32XX.c.obj (.text.PowerCC32XX_restoreParkedPin)
                  2000ec40    00000024                      : PowerCC32XX.c.obj (.text.Power_registerNotify)
                  2000ec64    00000024     libc.a : boot_cortex_m.c.obj (.text:_c_int00_noargs)
                  2000ec88    00000022     driverlib.a : gpio.obj (.text.GPIOPinWrite)
                  2000ecaa    00000022                 : pin.obj (.text.PinUnlock)
                  2000eccc    00000020                 : interrupt.obj (.text.IntRegister)
                  2000ecec    00000020     drivers_cc32xx.a : PowerCC32XX.c.obj (.text.Power_unregisterNotify)
                  2000ed0c    00000020     nortos_cc32xx.a : SemaphoreP_nortos.c.obj (.text.SemaphoreP_constructBinary)
                  2000ed2c    00000020                     : SemaphoreP_nortos.c.obj (.text.SemaphoreP_createBinary)
                  2000ed4c    00000020     driverlib.a : timer.obj (.text.TimerDisable)
                  2000ed6c    0000001c     drivers_cc32xx.a : GPIO.c.obj (.text.GPIO_setCallback)
                  2000ed88    0000001c     nortos_cc32xx.a : HwiPCC32XX_nortos.c.obj (.text.HwiP_dispatch)
                  2000eda4    0000001c                     : SwiP_nortos.c.obj (.text.SwiP_disable)
                  2000edc0    0000001c     libc.a : memory.c.obj (.text.free_list_remove)
                  2000eddc    0000001c     drivers_cc32xx.a : TimerCC32XX.c.obj (.text.getPowerMgrId)
                  2000edf8    0000001c     nortos_cc32xx.a : startup_cc32xx_ticlang.c.obj (.text.resetISR)
                  2000ee14    0000001a     driverlib.a : gpio.obj (.text.GPIOIntDisable)
                  2000ee2e    0000001a                 : prcm.obj (.text.PRCMHIBRegRead)
                  2000ee48    0000001a                 : prcm.obj (.text.PRCMHIBRegWrite)
                  2000ee62    0000001a                 : prcm.obj (.text.PRCMLPDSWakeupSourceDisable)
                  2000ee7c    0000001a                 : pin.obj (.text.PinToPadGet)
                  2000ee96    0000001a                 : timer.obj (.text.TimerEnable)
                  2000eeb0    00000018                 : gpio.obj (.text.GPIOIntEnable)
                  2000eec8    00000018     nortos_cc32xx.a : SemaphoreP_nortos.c.obj (.text.SemaphoreP_create)
                  2000eee0    00000016     ti_drivers_config.o (.text.Board_init)
                  2000eef6    00000016     driverlib.a : systick.obj (.text.SysTickPeriodSet)
                  2000ef0c    00000016                 : timer.obj (.text.TimerIntDisable)
                  2000ef22    00000014                 : cpu.obj (.text.CPUcpsid)
                  2000ef36    00000014                 : cpu.obj (.text.CPUcpsie)
                  2000ef4a    00000014     nortos_cc32xx.a : HwiPCC32XX_nortos.c.obj (.text.HwiP_destruct)
                  2000ef5e    00000014     driverlib.a : interrupt.obj (.text.IntVTableBaseSet)
                  2000ef72    00000002     nortos_cc32xx.a : startup_cc32xx_ticlang.c.obj (.text.nmiISR)
                  2000ef74    00000014     drivers_cc32xx.a : PowerCC32XX.c.obj (.text.Power_disablePolicy)
                  2000ef88    00000014                      : PowerCC32XX.c.obj (.text.Power_getTransitionLatency)
                  2000ef9c    00000014                      : PowerCC32XX.c.obj (.text.Power_idleFunc)
                  2000efb0    00000014     driverlib.a : timer.obj (.text.TimerIntEnable)
                  2000efc4    00000014     libclang_rt.builtins.a : aeabi_uldivmod.S.obj (.text.__aeabi_uldivmod)
                  2000efd8    00000012     nortos_cc32xx.a : ClockPSysTick_nortos.c.obj (.text.ClockP_add)
                  2000efea    00000012     driverlib.a : gpio.obj (.text.GPIOIntClear)
                  2000effc    00000012     nortos_cc32xx.a : HwiPCC32XX_nortos.c.obj (.text.HwiP_Params_init)
                  2000f00e    00000012                     : HwiPCC32XX_nortos.c.obj (.text.HwiP_delete)
                  2000f020    00000012     driverlib.a : systick.obj (.text.SysTickEnable)
                  2000f032    00000012                 : systick.obj (.text.SysTickIntDisable)
                  2000f044    00000012                 : systick.obj (.text.SysTickIntEnable)
                  2000f056    00000012     libc.a : memcpy_t2.S.obj (.text:TI_memcpy_small)
                  2000f068    00000012            : copy_zero_init.c.obj (.text:decompress:ZI:__TI_zero_init_nomemset)
                  2000f07a    00000002     --HOLE-- [fill = 0]
                  2000f07c    00000010     nortos_cc32xx.a : ClockPSysTick_nortos.c.obj (.text.ClockP_getCpuFreq)
                  2000f08c    00000010                     : ClockPSysTick_nortos.c.obj (.text.ClockP_getSystemTicks)
                  2000f09c    00000010                     : ClockPSysTick_nortos.c.obj (.text.ClockP_setTicks)
                  2000f0ac    00000010                     : HwiPCC32XX_nortos.c.obj (.text.HwiP_inISR)
                  2000f0bc    00000010     drivers_cc32xx.a : PowerCC32XX.c.obj (.text.Power_enablePolicy)
                  2000f0cc    00000010     driverlib.a : timer.obj (.text.TimerIntClear)
                  2000f0dc    00000010     drivers_cc32xx.a : Timer.c.obj (.text.Timer_Params_init)
                  2000f0ec    00000010     gpiointerrupt.o (.text.gpioButtonFxn0)
                  2000f0fc    00000010     gpiointerrupt.o (.text.gpioButtonFxn1)
                  2000f10c    00000010     main_nortos.o (.text.main)
                  2000f11c    0000000e     gpiointerrupt.o (.text.timerCallback)
                  2000f12a    0000000e     libc.a : copy_decompress_none.c.obj (.text:decompress:none)
                  2000f138    0000000c     driverlib.a : cpu.obj (.text.CPUwfi)
                  2000f144    0000000c                 : prcm.obj (.text.PRCMLPDSWakeupCauseGet)
                  2000f150    0000000c     drivers_cc32xx.a : PowerCC32XX.c.obj (.text.Power_getConstraintMask)
                  2000f15c    0000000c                      : TimerCC32XX.c.obj (.text.postNotifyFxn)
                  2000f168    0000000a     nortos_cc32xx.a : ClockPSysTick_nortos.c.obj (.text.ClockP_isActive)
                  2000f172    0000000a     driverlib.a : interrupt.obj (.text.IntMasterDisable)
                  2000f17c    0000000a                 : interrupt.obj (.text.IntMasterEnable)
                  2000f186    00000008     nortos_cc32xx.a : HwiPCC32XX_nortos.c.obj (.text.HwiP_disable)
                  2000f18e    00000008                     : HwiPCC32XX_nortos.c.obj (.text.HwiP_restore)
                  2000f196    00000008     driverlib.a : prcm.obj (.text.PRCMSleepEnter)
                  2000f19e    00000008                 : utils.obj (.text.UtilsDelay)
                  2000f1a6    00000008     libc.a : memory.c.obj (.text.malloc)
                  2000f1ae    00000006     gpiointerrupt.o (.text.OUTLINED_FUNCTION_0)
                  2000f1b4    00000004     nortos_cc32xx.a : ClockPSysTick_nortos.c.obj (.text.ClockP_doTick)
                  2000f1b8    00000004                     : HwiPCC32XX_nortos.c.obj (.text.HwiP_clearInterrupt)
                  2000f1bc    00000004                     : HwiPCC32XX_nortos.c.obj (.text.HwiP_enable)
                  2000f1c0    00000004                     : HwiPCC32XX_nortos.c.obj (.text.HwiP_post)
                  2000f1c4    00000004     driverlib.a : interrupt.obj (.text.IntDefaultHandler)
                  2000f1c8    00000004     nortos_cc32xx.a : NoRTOS.c.obj (.text.NoRTOS_start)
                  2000f1cc    00000004                     : SemaphoreP_nortos.c.obj (.text.SemaphoreP_delete)
                  2000f1d0    00000004     libclang_rt.builtins.a : aeabi_memcpy.S.obj (.text.__aeabi_memcpy)
                  2000f1d4    00000004     libc.a : pre_init.c.obj (.text._system_pre_init)
                  2000f1d8    00000004            : exit.c.obj (.text:abort)

.ramVecs   0    20000000    0000030c     NOLOAD SECTION
                  20000000    0000030c     nortos_cc32xx.a : startup_cc32xx_ticlang.c.obj (.ramVecs)

.stack     0    20003000    00001000     UNINITIALIZED
                  20003000    00000004     libc.a : boot_cortex_m.c.obj (.stack)
                  20003004    00000ffc     --HOLE--

.resetVecs 
*          0    20004000    00000040     
                  20004000    00000040     nortos_cc32xx.a : startup_cc32xx_ticlang.c.obj (.resetVecs)

.sysmem    0    20004040    00008000     UNINITIALIZED
                  20004040    00000010     libc.a : memory.c.obj (.sysmem)
                  20004050    00007ff0     --HOLE--

.rodata    0    2000f864    000003ac     
                  2000f864    00000100     driverlib.a : pin.obj (.rodata.g_ulPinToPadMap)
                  2000f964    000000d4                 : interrupt.obj (.rodata.g_pulRegs)
                  2000fa38    000000a8                 : prcm.obj (.rodata.PRCM_PeriphRegsList)
                  2000fae0    00000044     ti_drivers_config.o (.rodata.PowerCC32XX_config)
                  2000fb24    00000028     drivers_cc32xx.a : GPIOCC32XX.c.obj (.rodata.portConfigs)
                  2000fb4c    00000021                      : GPIOCC32XX.c.obj (.rodata.pinTable)
                  2000fb6d    00000001     ti_drivers_config.o (.rodata.GPIO_pinUpperBound)
                  2000fb6e    00000001     ti_drivers_config.o (.rodata.Timer_count)
                  2000fb6f    00000001     --HOLE-- [fill = 0]
                  2000fb70    00000018     driverlib.a : interrupt.obj (.rodata.g_pulDisRegs)
                  2000fb88    00000018                 : interrupt.obj (.rodata.g_pulEnRegs)
                  2000fba0    00000018                 : interrupt.obj (.rodata.g_pulPendRegs)
                  2000fbb8    00000018                 : interrupt.obj (.rodata.g_pulUnpendRegs)
                  2000fbd0    00000010     ti_drivers_config.o (.rodata.GPIO_config)
                  2000fbe0    00000010     ti_drivers_config.o (.rodata.timerCC32XXHWAttrs)
                  2000fbf0    0000000c     drivers_cc32xx.a : Timer.c.obj (.rodata.defaultParams)
                  2000fbfc    0000000c                      : TimerCC32XX.c.obj (.rodata.defaultParams)
                  2000fc08    00000008     ti_drivers_config.o (.rodata.Timer_config)

.cinit     0    2000feec    000000f8     
                  2000feec    000000d2     (.cinit..data.load) [load image, compression = lzss]
                  2000ffbe    00000002     --HOLE-- [fill = 0]
                  2000ffc0    0000000c     (__TI_handler_table)
                  2000ffcc    00000008     (.cinit..bss.load) [load image, compression = zero_init]
                  2000ffd4    00000010     (__TI_cinit_table)

.init_array 
*          0    20004000    00000000     UNINITIALIZED

.data      0    2000f1e0    00000681     UNINITIALIZED
                  2000f1e0    0000030c     nortos_cc32xx.a : HwiPCC32XX_nortos.c.obj (.data.HwiP_dispatchTable)
                  2000f4ec    0000016c     drivers_cc32xx.a : PowerCC32XX.c.obj (.data.PowerCC32XX_module)
                  2000f658    000000f8     ti_drivers_config.o (.data.parkInfo)
                  2000f750    00000084     ti_drivers_config.o (.data.gpioPinConfigs)
                  2000f7d4    0000004c     nortos_cc32xx.a : SwiP_nortos.c.obj (.data..L_MergedGlobals)
                  2000f820    00000018     drivers_cc32xx.a : GPIOCC32XX.c.obj (.data..L_MergedGlobals)
                  2000f838    00000010     nortos_cc32xx.a : SemaphoreP_nortos.c.obj (.data..L_MergedGlobals)
                  2000f848    00000008                     : ClockPSysTick_nortos.c.obj (.data..L_MergedGlobals)
                  2000f850    00000004                     : HwiPCC32XX_nortos.c.obj (.data.HwiP_swiPIntNum)
                  2000f854    00000004     libc.a : _lock.c.obj (.data._lock)
                  2000f858    00000004            : _lock.c.obj (.data._unlock)
                  2000f85c    00000001     drivers_cc32xx.a : GPIOCC32XX.c.obj (.data.initCalled)
                  2000f85d    00000001                      : GPIOCC32XX.c.obj (.data.portHwiCreatedBitMask)
                  2000f85e    00000002     --HOLE--
                  2000f860    00000001     libc.a : memory.c.obj (.data.memory_is_initialized)

.bss       0    2000fc10    000002db     UNINITIALIZED
                  2000fc10    0000012c     (.common:PowerCC32XX_contextSave)
                  2000fd3c    00000084     (.common:gpioCallbackFunctions)
                  2000fdc0    00000084     (.common:gpioUserArgs)
                  2000fe44    00000084     (.common:timerCC32XXObjects)
                  2000fec8    00000010     (.common:ClockP_ctrl)
                  2000fed8    00000004     nortos_cc32xx.a : ClockPSysTick_nortos.c.obj (.bss.sysTickPeriod)
                  2000fedc    00000004     libc.a : memory.c.obj (.bss.sys_free)
                  2000fee0    00000004     drivers_cc32xx.a : TimerCC32XX.c.obj (.bss.timerState.0)
                  2000fee4    00000004     (.common:tickCounter)
                  2000fee8    00000001     (.common:buttonToggle)
                  2000fee9    00000001     (.common:currentState)
                  2000feea    00000001     (.common:initialScan)

.log_data 
*          0    90000000    00000000     COPY SECTION

.log_ptr   0    94000008    00000000     COPY SECTION

__llvm_prf_cnts 
*          0    20004000    00000000     UNINITIALIZED

__llvm_prf_bits 
*          0    20004000    00000000     UNINITIALIZED

MODULE SUMMARY

       Module                         code    ro data   rw data
       ------                         ----    -------   -------
    .\
       gpiointerrupt.o                496     0         7      
       main_nortos.o                  16      0         0      
    +--+------------------------------+-------+---------+---------+
       Total:                         512     0         7      
                                                               
    .\syscfg\
       ti_drivers_config.o            24      110       776    
    +--+------------------------------+-------+---------+---------+
       Total:                         24      110       776    
                                                               
    C:/ti/simplelink_cc32xx_sdk_7_10_00_13/kernel/nortos/lib/ticlang/m4/nortos_cc32xx.a
       HwiPCC32XX_nortos.c.obj        286     0         784    
       startup_cc32xx_ticlang.c.obj   88      64        780    
       ClockPSysTick_nortos.c.obj     524     0         28     
       SemaphoreP_nortos.c.obj        392     0         16     
       PowerCC32XX_nortos.c.obj       404     0         0      
       SwiP_nortos.c.obj              84      0         76     
       NoRTOS.c.obj                   4       0         0      
    +--+------------------------------+-------+---------+---------+
       Total:                         1782    64        1684   
                                                               
    C:/ti/simplelink_cc32xx_sdk_7_10_00_13/source/ti/devices/cc32xx/driverlib/ticlang/Release/driverlib.a
       prcm.obj                       2564    168       0      
       interrupt.obj                  868     308       0      
       pin.obj                        688     256       0      
       gpio.obj                       388     0         0      
       timer.obj                      278     0         0      
       flash.obj                      92      0         0      
       systick.obj                    76      0         0      
       cpu.obj                        52      0         0      
       utils.obj                      8       0         0      
    +--+------------------------------+-------+---------+---------+
       Total:                         5014    732       0      
                                                               
    C:/ti/simplelink_cc32xx_sdk_7_10_00_13/source/ti/drivers/lib/ticlang/m4/drivers_cc32xx.a
       PowerCC32XX.c.obj              1944    0         664    
       GPIOCC32XX.c.obj               960     73        26     
       TimerCC32XX.c.obj              880     12        4      
       Timer.c.obj                    150     12        0      
       PowerCC32XX_ticlang.asm.obj    150     0         0      
       List.c.obj                     76      0         0      
       GPIO.c.obj                     28      0         0      
    +--+------------------------------+-------+---------+---------+
       Total:                         4188    97        694    
                                                               
    C:\ti\ccs1281\ccs\tools\compiler\ti-cgt-armllvm_3.2.2.LTS\lib\armv7em-ti-none-eabi/c/libc.a
       memory.c.obj                   712     0         5      
       copy_decompress_lzss.c.obj     112     0         0      
       autoinit.c.obj                 56      0         0      
       boot_cortex_m.c.obj            36      0         0      
       copy_zero_init.c.obj           18      0         0      
       memcpy_t2.S.obj                18      0         0      
       copy_decompress_none.c.obj     14      0         0      
       _lock.c.obj                    2       0         8      
       exit.c.obj                     4       0         0      
       pre_init.c.obj                 4       0         0      
    +--+------------------------------+-------+---------+---------+
       Total:                         976     0         13     
                                                               
    C:\ti\ccs1281\ccs\tools\compiler\ti-cgt-armllvm_3.2.2.LTS\lib\clang/15.0.7/lib/armv7em-ti-none-eabi/libclang_rt.builtins.a
       udivmoddi4.S.obj               176     0         0      
       aeabi_uldivmod.S.obj           20      0         0      
       aeabi_memcpy.S.obj             4       0         0      
       aeabi_div0.c.obj               2       0         0      
    +--+------------------------------+-------+---------+---------+
       Total:                         202     0         0      
                                                               
       Heap:                          0       0         32768  
       Stack:                         0       0         4096   
       Linker Generated:              0       246       0      
    +--+------------------------------+-------+---------+---------+
       Grand Total:                   12698   1249      40038  


LINKER GENERATED COPY TABLES

__TI_cinit_table @ 2000ffd4 records: 2, size/record: 8, table size: 16
	.data: load addr=2000feec, load size=000000d2 bytes, run addr=2000f1e0, run size=00000681 bytes, compression=lzss
	.bss: load addr=2000ffcc, load size=00000008 bytes, run addr=2000fc10, run size=000002db bytes, compression=zero_init


LINKER GENERATED HANDLER TABLE

__TI_handler_table @ 2000ffc0 records: 3, size/record: 4, table size: 12
	index: 0, handler: __TI_decompress_lzss
	index: 1, handler: __TI_decompress_none
	index: 2, handler: __TI_zero_init


GLOBAL SYMBOLS: SORTED ALPHABETICALLY BY Name 

address   name                             
-------   ----                             
2000eee1  Board_init                       
2000d2f7  Board_initHook                   
2000f1d8  C$$EXIT                          
2000ef23  CPUcpsid                         
2000ef37  CPUcpsie                         
2000f139  CPUwfi                           
2000efd9  ClockP_add                       
2000fec8  ClockP_ctrl                      
2000e6c1  ClockP_destruct                  
2000f1b5  ClockP_doTick                    
2000f07d  ClockP_getCpuFreq                
2000f08d  ClockP_getSystemTicks            
2000e945  ClockP_getTicksUntilInterrupt    
2000f169  ClockP_isActive                  
2000f09d  ClockP_setTicks                  
2000e80d  ClockP_start                     
2000dd75  ClockP_startup                   
2000e60d  ClockP_stop                      
2000e145  ClockP_sysTickHandler            
2000f84c  ClockP_tickPeriod                
2000dc05  FlashDisable                     
2000e2ab  GPIODirModeSet                   
2000efeb  GPIOIntClear                     
2000ee15  GPIOIntDisable                   
2000eeb1  GPIOIntEnable                    
2000ea65  GPIOIntStatus                    
2000d105  GPIOIntTypeSet                   
2000ec89  GPIOPinWrite                     
2000fbd0  GPIO_config                      
2000e2f1  GPIO_disableInt                  
2000e335  GPIO_enableInt                   
2000df25  GPIO_hwiIntFxn                   
2000d4c9  GPIO_init                        
2000fb6d  GPIO_pinUpperBound               
2000ed6d  GPIO_setCallback                 
2000cb75  GPIO_setConfig                   
2000e015  GPIO_setInterruptConfig          
2000dba5  GPIO_write                       
2000effd  HwiP_Params_init                 
2000f1b9  HwiP_clearInterrupt              
2000d6e9  HwiP_construct                   
2000ea93  HwiP_create                      
2000f00f  HwiP_delete                      
2000ef4b  HwiP_destruct                    
2000f187  HwiP_disable                     
2000ed89  HwiP_dispatch                    
2000f1bd  HwiP_enable                      
2000f0ad  HwiP_inISR                       
2000f1c1  HwiP_post                        
2000f18f  HwiP_restore                     
2000f850  HwiP_swiPIntNum                  
UNDEFED   ITM_flush                        
UNDEFED   ITM_restore                      
2000cec5  IntDisable                       
2000cf8d  IntEnable                        
2000f173  IntMasterDisable                 
2000f17d  IntMasterEnable                  
2000db3b  IntPendClear                     
2000d1b1  IntPendSet                       
2000ddcd  IntPrioritySet                   
2000eccd  IntRegister                      
2000ebb1  IntUnregister                    
2000ef5f  IntVTableBaseSet                 
2000ebd5  List_put                         
2000eb11  List_remove                      
2000f1c9  NoRTOS_start                     
2000c041  PRCMCC3200MCUInit                
2000ee2f  PRCMHIBRegRead                   
2000ee49  PRCMHIBRegWrite                  
2000d75d  PRCMHibernateWakeUpGPIOSelect    
2000dc61  PRCMHibernateWakeupSourceDisable 
2000df75  PRCMHibernateWakeupSourceEnable  
2000e18d  PRCMIntEnable                    
2000de25  PRCMLPDSEnter                    
2000e265  PRCMLPDSEnterKeepDebugIf         
2000e975  PRCMLPDSIntervalSet              
2000e061  PRCMLPDSRestoreInfoSet           
2000eabd  PRCMLPDSWakeUpGPIOSelect         
2000f145  PRCMLPDSWakeupCauseGet           
2000ee63  PRCMLPDSWakeupSourceDisable      
2000ebf9  PRCMLPDSWakeupSourceEnable       
2000eae7  PRCMPeripheralClkDisable         
2000dd19  PRCMPeripheralClkEnable          
2000dad1  PRCMPeripheralReset              
2000e1d5  PRCMPeripheralStatusGet          
2000eb39  PRCMSRAMRetentionEnable          
2000f197  PRCMSleepEnter                   
2000e9a5  PRCMSlowClkCtrFastGet            
2000d559  PRCMSysResetCauseGet             
2000e21d  PinConfigGet                     
2000d255  PinConfigSet                     
2000e841  PinDirModeGet                    
2000e5cd  PinDirModeSet                    
2000e7a1  PinLock                          
2000d8b5  PinLockLevelSet                  
2000e875  PinModeGet                       
2000e445  PinModeSet                       
2000ee7d  PinToPadGet                      
2000ecab  PinUnlock                        
2000fae0  PowerCC32XX_config               
2000d5e9  PowerCC32XX_configureWakeup      
2000fc10  PowerCC32XX_contextSave          
2000d431  PowerCC32XX_enterLPDS            
2000d4c7  PowerCC32XX_initPolicy           
2000f4ec  PowerCC32XX_module               
2000e8a9  PowerCC32XX_parkPin              
2000ec1d  PowerCC32XX_restoreParkedPin     
2000d475  PowerCC32XX_resumeLPDS           
2000de7d  PowerCC32XX_setParkState         
2000c8dd  PowerCC32XX_sleepPolicy          
2000ef75  Power_disablePolicy              
2000f0bd  Power_enablePolicy               
2000f151  Power_getConstraintMask          
2000ef89  Power_getTransitionLatency       
2000ef9d  Power_idleFunc                   
2000d671  Power_init                       
2000ec41  Power_registerNotify             
2000e379  Power_releaseConstraint          
2000ded1  Power_releaseDependency          
2000e6f9  Power_setConstraint              
2000d921  Power_setDependency              
2000c4f9  Power_sleep                      
2000eced  Power_unregisterNotify           
2000dfc5  SemaphoreP_construct             
2000ed0d  SemaphoreP_constructBinary       
2000eec9  SemaphoreP_create                
2000ed2d  SemaphoreP_createBinary          
2000f840  SemaphoreP_defaultParams         
2000f1cd  SemaphoreP_delete                
2000d5e7  SemaphoreP_destruct              
2000d399  SemaphoreP_pend                  
2000e54d  SemaphoreP_post                  
2000eda5  SwiP_disable                     
2000e731  SwiP_restore                     
2000f021  SysTickEnable                    
2000f033  SysTickIntDisable                
2000f045  SysTickIntEnable                 
2000eef7  SysTickPeriodSet                 
2000f057  TI_memcpy_small                  
2000dcbd  TimerCC32XX_allocateTimerResource
2000e8dd  TimerCC32XX_freeTimerResource    
2000e487  TimerControlStall                
2000ed4d  TimerDisable                     
2000ee97  TimerEnable                      
2000f0cd  TimerIntClear                    
2000ef0d  TimerIntDisable                  
2000efb1  TimerIntEnable                   
2000e9d5  TimerLoadSet                     
2000ea05  TimerPrescaleSet                 
2000eb61  TimerSupport_timerDisable        
2000e685  TimerSupport_timerEnable         
2000f0dd  Timer_Params_init                
2000e4c9  Timer_close                      
2000fc08  Timer_config                     
2000fb6e  Timer_count                      
2000dba3  Timer_init                       
2000ca2d  Timer_open                       
2000e3bd  Timer_start                      
2000e58d  Timer_stop                       
2000f19f  UtilsDelay                       
20004000  __STACK_END                      
00001000  __STACK_SIZE                     
00008000  __SYSMEM_SIZE                    
00000000  __TI_ATRegion0_region_sz         
00000000  __TI_ATRegion0_src_addr          
00000000  __TI_ATRegion0_trg_addr          
00000000  __TI_ATRegion1_region_sz         
00000000  __TI_ATRegion1_src_addr          
00000000  __TI_ATRegion1_trg_addr          
00000000  __TI_ATRegion2_region_sz         
00000000  __TI_ATRegion2_src_addr          
00000000  __TI_ATRegion2_trg_addr          
2000ffd4  __TI_CINIT_Base                  
2000ffe4  __TI_CINIT_Limit                 
2000ffe4  __TI_CINIT_Warm                  
2000ffc0  __TI_Handler_Table_Base          
2000ffcc  __TI_Handler_Table_Limit         
2000e769  __TI_auto_init_nobinit_nopinit   
2000d845  __TI_decompress_lzss             
2000f12b  __TI_decompress_none             
ffffffff  __TI_pprof_out_hndl              
ffffffff  __TI_prof_data_size              
ffffffff  __TI_prof_data_start             
2000feec  __TI_static_base__               
2000f069  __TI_zero_init_nomemset          
2000dd73  __aeabi_ldiv0                    
2000f1d1  __aeabi_memcpy                   
2000f1d1  __aeabi_memcpy4                  
2000f1d1  __aeabi_memcpy8                  
2000efc5  __aeabi_uldivmod                 
ffffffff  __binit__                        
UNDEFED   __mpu_init                       
20003000  __stack                          
20004000  __start___llvm_prf_bits          
20004000  __start___llvm_prf_cnts          
20004000  __stop___llvm_prf_bits           
20004000  __stop___llvm_prf_cnts           
2000d055  __udivmoddi4                     
2000ec65  _c_int00_noargs                  
2000f854  _lock                            
2000de7b  _nop                             
20004040  _sys_memory                      
UNDEFED   _system_post_cinit               
2000f1d5  _system_pre_init                 
2000f858  _unlock                          
2000f1d9  abort                            
2000ccb5  aligned_alloc                    
ffffffff  binit                            
2000fee8  buttonToggle                     
2000d98d  checkState                       
2000e2ef  clkFxn                           
2000fee9  currentState                     
2000cdd5  free                             
2000f0ed  gpioButtonFxn0                   
2000f0fd  gpioButtonFxn1                   
2000fd3c  gpioCallbackFunctions            
2000f750  gpioPinConfigs                   
2000fdc0  gpioUserArgs                     
2000d2f9  implementAction                  
2000e649  initTimer                        
2000e911  initVectors                      
2000feea  initialScan                      
2000f10d  main                             
2000d7d1  mainThread                       
2000f1a7  malloc                           
2000ccb5  memalign                         
2000f658  parkInfo                         
2000edf9  resetISR                         
2000fee4  tickCounter                      
2000fbe0  timerCC32XXHWAttrs               
2000fe44  timerCC32XXObjects               
2000f11d  timerCallback                    


GLOBAL SYMBOLS: SORTED BY Symbol Address 

address   name                             
-------   ----                             
00000000  __TI_ATRegion0_region_sz         
00000000  __TI_ATRegion0_src_addr          
00000000  __TI_ATRegion0_trg_addr          
00000000  __TI_ATRegion1_region_sz         
00000000  __TI_ATRegion1_src_addr          
00000000  __TI_ATRegion1_trg_addr          
00000000  __TI_ATRegion2_region_sz         
00000000  __TI_ATRegion2_src_addr          
00000000  __TI_ATRegion2_trg_addr          
00001000  __STACK_SIZE                     
00008000  __SYSMEM_SIZE                    
20003000  __stack                          
20004000  __STACK_END                      
20004000  __start___llvm_prf_bits          
20004000  __start___llvm_prf_cnts          
20004000  __stop___llvm_prf_bits           
20004000  __stop___llvm_prf_cnts           
20004040  _sys_memory                      
2000c041  PRCMCC3200MCUInit                
2000c4f9  Power_sleep                      
2000c8dd  PowerCC32XX_sleepPolicy          
2000ca2d  Timer_open                       
2000cb75  GPIO_setConfig                   
2000ccb5  aligned_alloc                    
2000ccb5  memalign                         
2000cdd5  free                             
2000cec5  IntDisable                       
2000cf8d  IntEnable                        
2000d055  __udivmoddi4                     
2000d105  GPIOIntTypeSet                   
2000d1b1  IntPendSet                       
2000d255  PinConfigSet                     
2000d2f7  Board_initHook                   
2000d2f9  implementAction                  
2000d399  SemaphoreP_pend                  
2000d431  PowerCC32XX_enterLPDS            
2000d475  PowerCC32XX_resumeLPDS           
2000d4c7  PowerCC32XX_initPolicy           
2000d4c9  GPIO_init                        
2000d559  PRCMSysResetCauseGet             
2000d5e7  SemaphoreP_destruct              
2000d5e9  PowerCC32XX_configureWakeup      
2000d671  Power_init                       
2000d6e9  HwiP_construct                   
2000d75d  PRCMHibernateWakeUpGPIOSelect    
2000d7d1  mainThread                       
2000d845  __TI_decompress_lzss             
2000d8b5  PinLockLevelSet                  
2000d921  Power_setDependency              
2000d98d  checkState                       
2000dad1  PRCMPeripheralReset              
2000db3b  IntPendClear                     
2000dba3  Timer_init                       
2000dba5  GPIO_write                       
2000dc05  FlashDisable                     
2000dc61  PRCMHibernateWakeupSourceDisable 
2000dcbd  TimerCC32XX_allocateTimerResource
2000dd19  PRCMPeripheralClkEnable          
2000dd73  __aeabi_ldiv0                    
2000dd75  ClockP_startup                   
2000ddcd  IntPrioritySet                   
2000de25  PRCMLPDSEnter                    
2000de7b  _nop                             
2000de7d  PowerCC32XX_setParkState         
2000ded1  Power_releaseDependency          
2000df25  GPIO_hwiIntFxn                   
2000df75  PRCMHibernateWakeupSourceEnable  
2000dfc5  SemaphoreP_construct             
2000e015  GPIO_setInterruptConfig          
2000e061  PRCMLPDSRestoreInfoSet           
2000e145  ClockP_sysTickHandler            
2000e18d  PRCMIntEnable                    
2000e1d5  PRCMPeripheralStatusGet          
2000e21d  PinConfigGet                     
2000e265  PRCMLPDSEnterKeepDebugIf         
2000e2ab  GPIODirModeSet                   
2000e2ef  clkFxn                           
2000e2f1  GPIO_disableInt                  
2000e335  GPIO_enableInt                   
2000e379  Power_releaseConstraint          
2000e3bd  Timer_start                      
2000e445  PinModeSet                       
2000e487  TimerControlStall                
2000e4c9  Timer_close                      
2000e54d  SemaphoreP_post                  
2000e58d  Timer_stop                       
2000e5cd  PinDirModeSet                    
2000e60d  ClockP_stop                      
2000e649  initTimer                        
2000e685  TimerSupport_timerEnable         
2000e6c1  ClockP_destruct                  
2000e6f9  Power_setConstraint              
2000e731  SwiP_restore                     
2000e769  __TI_auto_init_nobinit_nopinit   
2000e7a1  PinLock                          
2000e80d  ClockP_start                     
2000e841  PinDirModeGet                    
2000e875  PinModeGet                       
2000e8a9  PowerCC32XX_parkPin              
2000e8dd  TimerCC32XX_freeTimerResource    
2000e911  initVectors                      
2000e945  ClockP_getTicksUntilInterrupt    
2000e975  PRCMLPDSIntervalSet              
2000e9a5  PRCMSlowClkCtrFastGet            
2000e9d5  TimerLoadSet                     
2000ea05  TimerPrescaleSet                 
2000ea65  GPIOIntStatus                    
2000ea93  HwiP_create                      
2000eabd  PRCMLPDSWakeUpGPIOSelect         
2000eae7  PRCMPeripheralClkDisable         
2000eb11  List_remove                      
2000eb39  PRCMSRAMRetentionEnable          
2000eb61  TimerSupport_timerDisable        
2000ebb1  IntUnregister                    
2000ebd5  List_put                         
2000ebf9  PRCMLPDSWakeupSourceEnable       
2000ec1d  PowerCC32XX_restoreParkedPin     
2000ec41  Power_registerNotify             
2000ec65  _c_int00_noargs                  
2000ec89  GPIOPinWrite                     
2000ecab  PinUnlock                        
2000eccd  IntRegister                      
2000eced  Power_unregisterNotify           
2000ed0d  SemaphoreP_constructBinary       
2000ed2d  SemaphoreP_createBinary          
2000ed4d  TimerDisable                     
2000ed6d  GPIO_setCallback                 
2000ed89  HwiP_dispatch                    
2000eda5  SwiP_disable                     
2000edf9  resetISR                         
2000ee15  GPIOIntDisable                   
2000ee2f  PRCMHIBRegRead                   
2000ee49  PRCMHIBRegWrite                  
2000ee63  PRCMLPDSWakeupSourceDisable      
2000ee7d  PinToPadGet                      
2000ee97  TimerEnable                      
2000eeb1  GPIOIntEnable                    
2000eec9  SemaphoreP_create                
2000eee1  Board_init                       
2000eef7  SysTickPeriodSet                 
2000ef0d  TimerIntDisable                  
2000ef23  CPUcpsid                         
2000ef37  CPUcpsie                         
2000ef4b  HwiP_destruct                    
2000ef5f  IntVTableBaseSet                 
2000ef75  Power_disablePolicy              
2000ef89  Power_getTransitionLatency       
2000ef9d  Power_idleFunc                   
2000efb1  TimerIntEnable                   
2000efc5  __aeabi_uldivmod                 
2000efd9  ClockP_add                       
2000efeb  GPIOIntClear                     
2000effd  HwiP_Params_init                 
2000f00f  HwiP_delete                      
2000f021  SysTickEnable                    
2000f033  SysTickIntDisable                
2000f045  SysTickIntEnable                 
2000f057  TI_memcpy_small                  
2000f069  __TI_zero_init_nomemset          
2000f07d  ClockP_getCpuFreq                
2000f08d  ClockP_getSystemTicks            
2000f09d  ClockP_setTicks                  
2000f0ad  HwiP_inISR                       
2000f0bd  Power_enablePolicy               
2000f0cd  TimerIntClear                    
2000f0dd  Timer_Params_init                
2000f0ed  gpioButtonFxn0                   
2000f0fd  gpioButtonFxn1                   
2000f10d  main                             
2000f11d  timerCallback                    
2000f12b  __TI_decompress_none             
2000f139  CPUwfi                           
2000f145  PRCMLPDSWakeupCauseGet           
2000f151  Power_getConstraintMask          
2000f169  ClockP_isActive                  
2000f173  IntMasterDisable                 
2000f17d  IntMasterEnable                  
2000f187  HwiP_disable                     
2000f18f  HwiP_restore                     
2000f197  PRCMSleepEnter                   
2000f19f  UtilsDelay                       
2000f1a7  malloc                           
2000f1b5  ClockP_doTick                    
2000f1b9  HwiP_clearInterrupt              
2000f1bd  HwiP_enable                      
2000f1c1  HwiP_post                        
2000f1c9  NoRTOS_start                     
2000f1cd  SemaphoreP_delete                
2000f1d1  __aeabi_memcpy                   
2000f1d1  __aeabi_memcpy4                  
2000f1d1  __aeabi_memcpy8                  
2000f1d5  _system_pre_init                 
2000f1d8  C$$EXIT                          
2000f1d9  abort                            
2000f4ec  PowerCC32XX_module               
2000f658  parkInfo                         
2000f750  gpioPinConfigs                   
2000f840  SemaphoreP_defaultParams         
2000f84c  ClockP_tickPeriod                
2000f850  HwiP_swiPIntNum                  
2000f854  _lock                            
2000f858  _unlock                          
2000fae0  PowerCC32XX_config               
2000fb6d  GPIO_pinUpperBound               
2000fb6e  Timer_count                      
2000fbd0  GPIO_config                      
2000fbe0  timerCC32XXHWAttrs               
2000fc08  Timer_config                     
2000fc10  PowerCC32XX_contextSave          
2000fd3c  gpioCallbackFunctions            
2000fdc0  gpioUserArgs                     
2000fe44  timerCC32XXObjects               
2000fec8  ClockP_ctrl                      
2000fee4  tickCounter                      
2000fee8  buttonToggle                     
2000fee9  currentState                     
2000feea  initialScan                      
2000feec  __TI_static_base__               
2000ffc0  __TI_Handler_Table_Base          
2000ffcc  __TI_Handler_Table_Limit         
2000ffd4  __TI_CINIT_Base                  
2000ffe4  __TI_CINIT_Limit                 
2000ffe4  __TI_CINIT_Warm                  
ffffffff  __TI_pprof_out_hndl              
ffffffff  __TI_prof_data_size              
ffffffff  __TI_prof_data_start             
ffffffff  __binit__                        
ffffffff  binit                            
UNDEFED   ITM_flush                        
UNDEFED   ITM_restore                      
UNDEFED   __mpu_init                       
UNDEFED   _system_post_cinit               

[232 symbols]
